Microchip MPLAB XC8 Compiler V1.35 ()

Linker command line:

-W-3 --edf=C:\Program Files (x86)\Microchip\xc8\v1.35\dat\en_msgs.txt -cs \
  -h+dist/default/production\2deabril.X.production.sym \
  --cmf=dist/default/production\2deabril.X.production.cmf -z -Q18F4550 \
  -oC:\Users\David\AppData\Local\Temp\sau4.2 \
  -Mdist/default/production/2deabril.X.production.map -E1 -ver=XC8 \
  -ASTACK=01DCh-07ffh -pstack=STACK -ACODE=00h-07FFFh -ACONST=00h-07FFFh \
  -ASMALLCONST=0800h-08FFhx120 -AMEDIUMCONST=0800h-07FFFh -ACOMRAM=01h-05Fh \
  -AABS1=00h-07FFh -ABIGRAM=01h-07FFh -ARAM=060h-0FFh,0100h-01FFhx7 \
  -ABANK0=060h-0FFh -ABANK1=0100h-01FFh -ABANK2=0200h-02FFh \
  -ABANK3=0300h-03FFh -ABANK4=0400h-04FFh -ABANK5=0500h-05FFh \
  -ABANK6=0600h-06FFh -ABANK7=0700h-07FFh -ASFR=0F60h-0FFFh \
  -preset_vec=00h,intcode=08h,intcodelo=018h,powerup,init,end_init \
  -pramtop=0800h -psmallconst=SMALLCONST -pmediumconst=MEDIUMCONST \
  -pconst=CONST -AFARRAM=00h-00h -ACONFIG=0300000h-030000Dh -pconfig=CONFIG \
  -AIDLOC=0200000h-0200007h -pidloc=IDLOC -AEEDATA=0F00000h-0F000FFh \
  -peeprom_data=EEDATA \
  -prdata=COMRAM,nvrram=COMRAM,nvbit=COMRAM,rbss=COMRAM,rbit=COMRAM \
  -pfarbss=FARRAM,fardata=FARRAM,nvFARRAM=FARRAM \
  -pintsave_regs=BIGRAM,bigbss=BIGRAM,bigdata=BIGRAM -pbss=RAM \
  -pidata=CODE,irdata=CODE,ibigdata=CODE,ifardata=CODE -prparam=COMRAM \
  C:\Users\David\AppData\Local\Temp\sau4.obj \
  dist/default/production\2deabril.X.production.obj 

Object code version is 3.11

Machine type is 18F4550

Call graph: (short form)




                Name                               Link     Load   Length Selector   Space Scale
C:\Users\David\AppData\Local\Temp\sau4.obj
                end_init                             DC       DC        4        C       0
                reset_vec                             0        0        4        0       0
                idloc                            200000   200000        8   200000       0
                config                           300000   300000        E   300000       0
dist/default/production\2deabril.X.production.obj
                intcodelo                            18       18       C4        C       0
                intcode                               8        8        E        4       0
                temp                                 46       46        1        1       1
                text20                              F0C      F0C       C0        C       0
                text19                              D7A      D7A       CA        C       0
                intcode_body                       108A     108A       86        C       0
                text17                              CB0      CB0       CA        C       0
                text16                              AD8      AD8      108        C       0
                text14                              BE0      BE0       D0        C       0
                text13                              7D0      7D0      1B0        C       0
                text12                             1110     1110       82        C       0
                text11                               E0       E0      3A4        C       0
                text10                             1328     1328       1E        C       0
                text9                               E44      E44       C8        C       0
                text8                               FCC      FCC       BE        C       0
                text7                              1300     1300       28        C       0
                text6                              1192     1192       80        C       0
                text5                               484      484      34C        C       0
                text4                              1212     1212       5C        C       0
                text3                              135E     135E       12        C       0
                text2                              1346     1346       18        C       0
                text1                               980      980      158        C       0
                text0                              12C4     12C4       3C        C       0
                cstackCOMRAM                         1B       1B       1A        1       1
                cstackBANK0                          BC       BC       18       60       1
                bssBIGRAM                            D4       D4      108       D4       1
                bssBANK0                             60       60       5C       60       1
                dataCOMRAM                           35       35       11        1       1
                bssCOMRAM                             1        1       1A        1       1
                cinit                              126E     126E       56        C       0
                idataCOMRAM                        1370     1370       11        C       0

TOTAL           Name                               Link     Load   Length     Space
        CLASS   STACK          

        CLASS   CODE           
                end_init                             DC       DC        4         0
                intcodelo                            18       18       C4         0
                intcode                               8        8        E         0
                reset_vec                             0        0        4         0
                text20                              F0C      F0C       C0         0
                text19                              D7A      D7A       CA         0
                intcode_body                       108A     108A       86         0
                text17                              CB0      CB0       CA         0
                text16                              AD8      AD8      108         0
                text14                              BE0      BE0       D0         0
                text13                              7D0      7D0      1B0         0
                text12                             1110     1110       82         0
                text11                               E0       E0      3A4         0
                text10                             1328     1328       1E         0
                text9                               E44      E44       C8         0
                text8                               FCC      FCC       BE         0
                text7                              1300     1300       28         0
                text6                              1192     1192       80         0
                text5                               484      484      34C         0
                text4                              1212     1212       5C         0
                text3                              135E     135E       12         0
                text2                              1346     1346       18         0
                text1                               980      980      158         0
                text0                              12C4     12C4       3C         0
                cinit                              126E     126E       56         0
                idataCOMRAM                        1370     1370       11         0

        CLASS   CONST          

        CLASS   SMALLCONST     

        CLASS   MEDIUMCONST    

        CLASS   COMRAM         
                temp                                 46       46        1         1
                cstackCOMRAM                         1B       1B       1A         1
                dataCOMRAM                           35       35       11         1
                bssCOMRAM                             1        1       1A         1

        CLASS   ABS1           

        CLASS   BIGRAM         
                bssBIGRAM                            D4       D4      108         1

        CLASS   RAM            

        CLASS   BANK0          
                cstackBANK0                          BC       BC       18         1
                bssBANK0                             60       60       5C         1

        CLASS   BANK1          

        CLASS   BANK2          

        CLASS   BANK3          

        CLASS   BANK4          

        CLASS   BANK5          

        CLASS   BANK6          

        CLASS   BANK7          

        CLASS   SFR            

        CLASS   FARRAM         

        CLASS   CONFIG         
                config                           300000   300000        E         0

        CLASS   IDLOC          
                idloc                            200000   200000        8         0

        CLASS   EEDATA         



SEGMENTS        Name                           Load    Length   Top    Selector   Space  Class

                reset_vec                      000000  000004  000004         0       0  CODE    
                bssCOMRAM                      000001  000046  000047         1       1  COMRAM  
                intcode                        000008  00000E  000016         4       0  CODE    
                intcodelo                      000018  001369  001381         C       0  CODE    
                bssBANK0                       000060  000074  0000D4        60       1  BANK0   
                bssBIGRAM                      0000D4  000108  0001DC        D4       1  BIGRAM  
                idloc                          200000  000008  200008    200000       0  IDLOC   
                config                         300000  00000E  30000E    300000       0  CONFIG  


UNUSED ADDRESS RANGES

        Name                Unused          Largest block    Delta
        BANK1            0001DC-0001FF               24
        BANK2            000200-0002FF              100
        BANK3            000300-0003FF              100
        BANK4            000400-0004FF              100
        BANK5            000500-0005FF              100
        BANK6            000600-0006FF              100
        BANK7            000700-0007FF              100
        BIGRAM           000047-00005F               19
                         0001DC-0007FF              624
        CODE             000004-000007                4
                         000016-000017                2
                         001381-007FFF             6C7F
        COMRAM           000047-00005F               19
        CONST            000004-000007                4
                         000016-000017                2
                         001381-007FFF             6C7F
        EEDATA           F00000-F000FF              100
        MEDIUMCONST      001381-007FFF             6C7F
        RAM              0001DC-0007FF              100
        SFR              000F60-000FFF               A0
        SMALLCONST       001381-007FFF              100
        STACK            0001DC-0007FF              624

                                  Symbol Table

ReadingMailBox@r                  cstackBANK0  0000CA
ReadingMailBox@writter            cstackBANK0  0000D1
Structure@s_BSRBackup             dataCOMRAM   000035
Structure@s_STATUSBackup          dataCOMRAM   000036
Structure@s_WREGBackup            dataCOMRAM   000037
WritingMailBox@data               cstackBANK0  0000CE
WritingMailBox@reader             cstackBANK0  0000CA
_ADCON1bits                       (abs)        000FC1
_BSR                              (abs)        000FE0
_CN1                              dataCOMRAM   000038
_GIE                              (abs)        007F97
_High_Priority_Interrupt          intcode      000008
_INT1IE                           (abs)        007F83
_INT1IF                           (abs)        007F80
_INT2IE                           (abs)        007F84
_INT2IF                           (abs)        007F81
_INTCON2bits                      (abs)        000FF1
_INTCON3bits                      (abs)        000FF0
_INTCONbits                       (abs)        000FF2
_LATB                             (abs)        000F8A
_LATB3                            (abs)        007C53
_Low_Priority_Interrupt           intcodelo    000018
_MailBoxArray                     bssBANK0     000060
_OSCCONbits                       (abs)        000FD3
_OSInit                           text14       000BE0
_OSRun                            text13       0007D0
_PIE1bits                         (abs)        000F9D
_PIR1bits                         (abs)        000F9E
_PORTBbits                        (abs)        000F81
_PWM1                             text6        001192
_RCONbits                         (abs)        000FD0
_RX1                              text4        001212
_ReadingMailBox                   text11       0000E0
_STATUS                           (abs)        000FD8
_STKPTR                           (abs)        000FFC
_T1CON                            (abs)        000FCD
_T1CONbits                        (abs)        000FCD
_TMR1H                            (abs)        000FCF
_TMR1IE                           (abs)        007CE8
_TMR1IF                           (abs)        007CF0
_TMR1L                            (abs)        000FCE
_TOS                              (abs)        000FFD
_TOSH                             (abs)        000FFE
_TOSL                             (abs)        000FFD
_TOSU                             (abs)        000FFF
_TRISB                            (abs)        000F93
_TRISBbits                        (abs)        000F93
_TaskArray                        bssBIGRAM    0000D4
_WREG                             (abs)        000FE8
_WritingMailBox                   text5        000484
__CFG_BOR$OFF                     (abs)        000000
__CFG_BORV$3                      (abs)        000000
__CFG_CCP2MX$ON                   (abs)        000000
__CFG_CPUDIV$OSC4_PLL6            (abs)        000000
__CFG_FCMEN$OFF                   (abs)        000000
__CFG_FOSC$INTOSCIO_EC            (abs)        000000
__CFG_IESO$OFF                    (abs)        000000
__CFG_LPT1OSC$OFF                 (abs)        000000
__CFG_LVP$OFF                     (abs)        000000
__CFG_MCLRE$ON                    (abs)        000000
__CFG_PBADEN$OFF                  (abs)        000000
__CFG_PLLDIV$1                    (abs)        000000
__CFG_PWRT$ON                     (abs)        000000
__CFG_STVREN$OFF                  (abs)        000000
__CFG_USBDIV$1                    (abs)        000000
__CFG_VREGEN$OFF                  (abs)        000000
__CFG_WDT$OFF                     (abs)        000000
__CFG_WDTPS$32768                 (abs)        000000
__CFG_XINST$OFF                   (abs)        000000
__HRAM                            (abs)        000000
__Habs1                           abs1         000000
__Hbank0                          bank0        000000
__Hbank1                          bank1        000000
__Hbank2                          bank2        000000
__Hbank3                          bank3        000000
__Hbank4                          bank4        000000
__Hbank5                          bank5        000000
__Hbank6                          bank6        000000
__Hbank7                          bank7        000000
__Hbigbss                         bigbss       000000
__Hbigdata                        bigdata      000000
__Hbigram                         bigram       000000
__Hbss                            bss          000000
__HbssBANK0                       bssBANK0     000000
__HbssBIGRAM                      bssBIGRAM    000000
__HbssCOMRAM                      bssCOMRAM    000000
__Hcinit                          cinit        000000
__Hclrtext                        clrtext      000000
__Hcomram                         comram       000000
__Hconfig                         config       30000E
__Hconst                          const        000000
__HcstackBANK0                    cstackBANK0  000000
__HcstackCOMRAM                   cstackCOMRAM 000000
__Hdata                           data         000000
__HdataCOMRAM                     dataCOMRAM   000000
__Heeprom_data                    eeprom_data  000000
__Hend_init                       end_init     0000E0
__Hfarbss                         farbss       000000
__Hfardata                        fardata      000000
__Hibigdata                       ibigdata     000000
__Hidata                          idata        000000
__HidataCOMRAM                    idataCOMRAM  000000
__Hidloc                          idloc        200008
__Hifardata                       ifardata     000000
__Hinit                           init         0000DC
__Hintcode                        intcode      000016
__Hintcode_body                   intcode_body 000000
__Hintcodelo                      intcodelo    0000DC
__Hintentry                       intentry     000000
__Hintret                         intret       000000
__Hintsave_regs                   intsave_regs 000000
__Hirdata                         irdata       000000
__Hmediumconst                    mediumconst  000000
__HnvFARRAM                       nvFARRAM     000000
__Hnvbit                          nvbit        000000
__Hnvrram                         nvrram       000000
__Hparam                          rparam       000000
__Hpowerup                        powerup      0000DC
__Hram                            ram          000000
__Hramtop                         ramtop       000800
__Hrbit                           rbit         000000
__Hrbss                           rbss         000000
__Hrdata                          rdata        000000
__Hreset_vec                      reset_vec    000004
__Hrparam                         rparam       000000
__Hsfr                            sfr          000000
__Hsmallconst                     smallconst   000000
__Hspace_0                        (abs)        30000E
__Hspace_1                        (abs)        0001DC
__Hspace_2                        (abs)        000000
__Hstack                          stack        000000
__Hstruct                         struct       000000
__Htemp                           temp         000047
__Htext                           text         000000
__Htext0                          text0        000000
__Htext1                          text1        000000
__Htext10                         text10       000000
__Htext11                         text11       000000
__Htext12                         text12       000000
__Htext13                         text13       000000
__Htext14                         text14       000000
__Htext16                         text16       000000
__Htext17                         text17       000000
__Htext19                         text19       000000
__Htext2                          text2        000000
__Htext20                         text20       000000
__Htext21                         text21       000000
__Htext3                          text3        000000
__Htext4                          text4        000000
__Htext5                          text5        000000
__Htext6                          text6        000000
__Htext7                          text7        000000
__Htext8                          text8        000000
__Htext9                          text9        000000
__LRAM                            (abs)        000001
__Labs1                           abs1         000000
__Lbank0                          bank0        000000
__Lbank1                          bank1        000000
__Lbank2                          bank2        000000
__Lbank3                          bank3        000000
__Lbank4                          bank4        000000
__Lbank5                          bank5        000000
__Lbank6                          bank6        000000
__Lbank7                          bank7        000000
__Lbigbss                         bigbss       000000
__Lbigdata                        bigdata      000000
__Lbigram                         bigram       000000
__Lbss                            bss          000000
__LbssBANK0                       bssBANK0     000000
__LbssBIGRAM                      bssBIGRAM    000000
__LbssCOMRAM                      bssCOMRAM    000000
__Lcinit                          cinit        000000
__Lclrtext                        clrtext      000000
__Lcomram                         comram       000000
__Lconfig                         config       300000
__Lconst                          const        000000
__LcstackBANK0                    cstackBANK0  000000
__LcstackCOMRAM                   cstackCOMRAM 000000
__Ldata                           data         000000
__LdataCOMRAM                     dataCOMRAM   000000
__Leeprom_data                    eeprom_data  000000
__Lend_init                       end_init     0000DC
__Lfarbss                         farbss       000000
__Lfardata                        fardata      000000
__Libigdata                       ibigdata     000000
__Lidata                          idata        000000
__LidataCOMRAM                    idataCOMRAM  000000
__Lidloc                          idloc        200000
__Lifardata                       ifardata     000000
__Linit                           init         0000DC
__Lintcode                        intcode      000008
__Lintcode_body                   intcode_body 000000
__Lintcodelo                      intcodelo    000018
__Lintentry                       intentry     000000
__Lintret                         intret       000000
__Lintsave_regs                   intsave_regs 000000
__Lirdata                         irdata       000000
__Lmediumconst                    mediumconst  000000
__LnvFARRAM                       nvFARRAM     000000
__Lnvbit                          nvbit        000000
__Lnvrram                         nvrram       000000
__Lparam                          rparam       000000
__Lpowerup                        powerup      0000DC
__Lram                            ram          000000
__Lramtop                         ramtop       000800
__Lrbit                           rbit         000000
__Lrbss                           rbss         000000
__Lrdata                          rdata        000000
__Lreset_vec                      reset_vec    000000
__Lrparam                         rparam       000000
__Lsfr                            sfr          000000
__Lsmallconst                     smallconst   000000
__Lspace_0                        (abs)        000000
__Lspace_1                        (abs)        000000
__Lspace_2                        (abs)        000000
__Lstack                          stack        000000
__Lstruct                         struct       000000
__Ltemp                           temp         000046
__Ltext                           text         000000
__Ltext0                          text0        000000
__Ltext1                          text1        000000
__Ltext10                         text10       000000
__Ltext11                         text11       000000
__Ltext12                         text12       000000
__Ltext13                         text13       000000
__Ltext14                         text14       000000
__Ltext16                         text16       000000
__Ltext17                         text17       000000
__Ltext19                         text19       000000
__Ltext2                          text2        000000
__Ltext20                         text20       000000
__Ltext21                         text21       000000
__Ltext3                          text3        000000
__Ltext4                          text4        000000
__Ltext5                          text5        000000
__Ltext6                          text6        000000
__Ltext7                          text7        000000
__Ltext8                          text8        000000
__Ltext9                          text9        000000
__S0                              (abs)        30000E
__S1                              (abs)        0001DC
__S2                              (abs)        000000
___inthi_sp                       stack        000000
___intlo_sp                       stack        000000
___param_bank                     (abs)        000010
___rparam_used                    (abs)        000001
___sp                             stack        000000
__accesstop                       (abs)        000060
__activetblptr                    (abs)        000000
__end_of_High_Priority_Interrupt  intcode_body 001110
__end_of_Low_Priority_Interrupt   intcodelo    0000DC
__end_of_OSInit                   text14       000CB0
__end_of_OSRun                    text13       000980
__end_of_PWM1                     text6        001212
__end_of_RX1                      text4        00126E
__end_of_ReadingMailBox           text11       000484
__end_of_WritingMailBox           text5        0007D0
__end_of__initialization          cinit        0012BA
__end_of_extInt                   text3        001370
__end_of_mailBoxHasData           text10       001346
__end_of_mailBox_init_conection   text9        000F0C
__end_of_main                     text0        001300
__end_of_ports_Init               text2        00135E
__end_of_reductionTime            text20       000FCC
__end_of_saveInterruptedState     text17       000D7A
__end_of_vTaskDelay               text8        00108A
__end_of_vTaskDelete              text7        001328
__end_of_waitForBuffer            text12       001192
__end_of_xInterruptTaskCreate     text16       000BE0
__end_of_xTaskCreate              text1        000AD8
__end_ofi2_saveInterruptedState   text19       000E44
__initialization                  cinit        00126E
__mediumconst                     mediumconst  000000
__pbssBANK0                       bssBANK0     000060
__pbssBIGRAM                      bssBIGRAM    0000D4
__pbssCOMRAM                      bssCOMRAM    000001
__pcinit                          cinit        00126E
__pcstackBANK0                    cstackBANK0  0000BC
__pcstackCOMRAM                   cstackCOMRAM 00001B
__pdataCOMRAM                     dataCOMRAM   000035
__pidataCOMRAM                    idataCOMRAM  001370
__pintcode                        intcode      000008
__pintcode_body                   intcode_body 00108A
__pintcodelo                      intcodelo    000018
__ptext0                          text0        0012C4
__ptext1                          text1        000980
__ptext10                         text10       001328
__ptext11                         text11       0000E0
__ptext12                         text12       001110
__ptext13                         text13       0007D0
__ptext14                         text14       000BE0
__ptext16                         text16       000AD8
__ptext17                         text17       000CB0
__ptext19                         text19       000D7A
__ptext2                          text2        001346
__ptext20                         text20       000F0C
__ptext21                         text21       000000
__ptext3                          text3        00135E
__ptext4                          text4        001212
__ptext5                          text5        000484
__ptext6                          text6        001192
__ptext7                          text7        001300
__ptext8                          text8        000FCC
__ptext9                          text9        000E44
__ramtop                          ramtop       000800
__size_of_High_Priority_Interrupt (abs)        000000
__size_of_Low_Priority_Interrupt  (abs)        000000
__size_of_OSInit                  (abs)        000000
__size_of_OSRun                   (abs)        000000
__size_of_PWM1                    (abs)        000000
__size_of_RX1                     (abs)        000000
__size_of_ReadingMailBox          (abs)        000000
__size_of_WritingMailBox          (abs)        000000
__size_of_extInt                  (abs)        000000
__size_of_mailBoxHasData          (abs)        000000
__size_of_mailBox_init_conection  (abs)        000000
__size_of_main                    (abs)        000000
__size_of_ports_Init              (abs)        000000
__size_of_reductionTime           (abs)        000000
__size_of_saveInterruptedState    (abs)        000000
__size_of_vTaskDelay              (abs)        000000
__size_of_vTaskDelete             (abs)        000000
__size_of_waitForBuffer           (abs)        000000
__size_of_xInterruptTaskCreate    (abs)        000000
__size_of_xTaskCreate             (abs)        000000
__size_ofi2_saveInterruptedState  (abs)        000000
__smallconst                      smallconst   000000
_actualPosition                   dataCOMRAM   00003A
_cont                             bssCOMRAM    000005
_dutyCycle1                       dataCOMRAM   00003B
_extInt                           text3        00135E
_i                                bssCOMRAM    000006
_i_dr                             bssCOMRAM    000008
_i_dw                             bssCOMRAM    000009
_i_mic                            bssCOMRAM    00000A
_i_rmb                            bssCOMRAM    00000B
_i_wmb                            bssCOMRAM    00000C
_index                            bssCOMRAM    00000D
_index_dr                         bssCOMRAM    00000E
_index_dw                         bssCOMRAM    00000F
_index_mic                        bssCOMRAM    000010
_index_rmb                        bssCOMRAM    000011
_index_wmb                        bssCOMRAM    000012
_mailBoxHasData                   text10       001328
_mailBox_init_conection           text9        000E44
_main                             text0        0012C4
_minPrior                         dataCOMRAM   000041
_ports_Init                       text2        001346
_r_pointer                        bssCOMRAM    000001
_reductionTime                    text20       000F0C
_saveInterruptedState             text17       000CB0
_schedulerStatus                  dataCOMRAM   000045
_taskPosition                     bssCOMRAM    000016
_vTaskDelay                       text8        000FCC
_vTaskDelete                      text7        001300
_valor1                           bssCOMRAM    000017
_waitForBuffer                    text12       001110
_x                                bssBANK0     0000B8
_xInterruptTaskCreate             text16       000AD8
_xTaskCreate                      text1        000980
_y                                bssCOMRAM    000019
btemp                             temp         000046
end_of_initialization             cinit        0012BA
i2_saveInterruptedState           text19       000D7A
int$flags                         temp         000046
int_func                          intcode_body 00108A
intlevel0                         text         000000
intlevel1                         text         000000
intlevel2                         text         000000
intlevel3                         text         000000
mailBoxHasData@mailboxIndex       cstackCOMRAM 000034
mailBox_init_conection@reader     cstackBANK0  0000CA
mailBox_init_conection@writer     cstackCOMRAM 000034
stackhi                           (abs)        0007FF
stacklo                           (abs)        0001DC
start                             init         0000DC
start_initialization              cinit        00126E
vTaskDelay@delayms                cstackBANK0  0000CA
xInterruptTaskCreate@Id           cstackCOMRAM 00001F
xInterruptTaskCreate@Prior        cstackCOMRAM 000020
xInterruptTaskCreate@pvTaskCode   cstackCOMRAM 00001B
xTaskCreate@Id                    cstackBANK0  0000CE
xTaskCreate@Prior                 cstackBANK0  0000CF
xTaskCreate@pvTaskCode            cstackBANK0  0000CA


FUNCTION INFORMATION:

 *************** function _main *****************
 Defined at:
		line 183 in file "main.c"
 Parameters:    Size  Location     Type
		None
 Auto vars:     Size  Location     Type
		None
 Return value:  Size  Location     Type
		None               void
 Registers used:
		wreg, fsr1l, fsr1h, fsr2l, fsr2h, status,2, status,0, prodl, prodh, cstack
 Tracked objects:
		On entry : 
		On exit  : 
		Unchanged: 
 Data sizes:     COMRAM   BANK0   BANK1   BANK2   BANK3   BANK4   BANK5   BANK6   BANK7
      Params:         0       0       0       0       0       0       0       0       0
      Locals:         0       0       0       0       0       0       0       0       0
      Temps:          0       0       0       0       0       0       0       0       0
      Totals:         0       0       0       0       0       0       0       0       0
Total ram usage:        0 bytes
 Hardware stack levels required when called:    7
 This function calls:
		_OSInit
		_PWM1
		_RX1
		_extInt
		_ports_Init
		_xTaskCreate
 This function is called by:
		Startup code after reset
 This function uses a non-reentrant model


 *************** function _xTaskCreate *****************
 Defined at:
		line 271 in file "Structure.c"
 Parameters:    Size  Location     Type
  pvTaskCode      4   14[BANK0 ] unsigned long 
  Id              1   18[BANK0 ] unsigned char 
  Prior           1   19[BANK0 ] unsigned char 
 Auto vars:     Size  Location     Type
		None
 Return value:  Size  Location     Type
		None               void
 Registers used:
		wreg, fsr2l, fsr2h, status,2, status,0, prodl, prodh, cstack
 Tracked objects:
		On entry : 
		On exit  : 
		Unchanged: 
 Data sizes:     COMRAM   BANK0   BANK1   BANK2   BANK3   BANK4   BANK5   BANK6   BANK7
      Params:         0       6       0       0       0       0       0       0       0
      Locals:         0       0       0       0       0       0       0       0       0
      Temps:          0       0       0       0       0       0       0       0       0
      Totals:         0       6       0       0       0       0       0       0       0
Total ram usage:        6 bytes
 Hardware stack levels used:    1
 Hardware stack levels required when called:    5
 This function calls:
		_OSRun
 This function is called by:
		_main
 This function uses a non-reentrant model


 *************** function _ports_Init *****************
 Defined at:
		line 84 in file "main.c"
 Parameters:    Size  Location     Type
		None
 Auto vars:     Size  Location     Type
		None
 Return value:  Size  Location     Type
		None               void
 Registers used:
		wreg, status,2
 Tracked objects:
		On entry : 
		On exit  : 
		Unchanged: 
 Data sizes:     COMRAM   BANK0   BANK1   BANK2   BANK3   BANK4   BANK5   BANK6   BANK7
      Params:         0       0       0       0       0       0       0       0       0
      Locals:         0       0       0       0       0       0       0       0       0
      Temps:          0       0       0       0       0       0       0       0       0
      Totals:         0       0       0       0       0       0       0       0       0
Total ram usage:        0 bytes
 Hardware stack levels used:    1
 Hardware stack levels required when called:    4
 This function calls:
		Nothing
 This function is called by:
		_main
 This function uses a non-reentrant model


 *************** function _extInt *****************
 Defined at:
		line 67 in file "main.c"
 Parameters:    Size  Location     Type
		None
 Auto vars:     Size  Location     Type
		None
 Return value:  Size  Location     Type
		None               void
 Registers used:
		None
 Tracked objects:
		On entry : 
		On exit  : 
		Unchanged: 
 Data sizes:     COMRAM   BANK0   BANK1   BANK2   BANK3   BANK4   BANK5   BANK6   BANK7
      Params:         0       0       0       0       0       0       0       0       0
      Locals:         0       0       0       0       0       0       0       0       0
      Temps:          0       0       0       0       0       0       0       0       0
      Totals:         0       0       0       0       0       0       0       0       0
Total ram usage:        0 bytes
 Hardware stack levels used:    1
 Hardware stack levels required when called:    4
 This function calls:
		Nothing
 This function is called by:
		_main
 This function uses a non-reentrant model


 *************** function _RX1 *****************
 Defined at:
		line 97 in file "main.c"
 Parameters:    Size  Location     Type
		None
 Auto vars:     Size  Location     Type
		None
 Return value:  Size  Location     Type
		None               void
 Registers used:
		wreg, fsr1l, fsr1h, fsr2l, fsr2h, status,2, status,0, prodl, prodh, cstack
 Tracked objects:
		On entry : 
		On exit  : 
		Unchanged: 
 Data sizes:     COMRAM   BANK0   BANK1   BANK2   BANK3   BANK4   BANK5   BANK6   BANK7
      Params:         0       0       0       0       0       0       0       0       0
      Locals:         0       0       0       0       0       0       0       0       0
      Temps:          0       0       0       0       0       0       0       0       0
      Totals:         0       0       0       0       0       0       0       0       0
Total ram usage:        0 bytes
 Hardware stack levels used:    1
 Hardware stack levels required when called:    6
 This function calls:
		_WritingMailBox
		_vTaskDelay
		_vTaskDelete
 This function is called by:
		_Low_Priority_Interrupt
		_main
 This function uses a non-reentrant model


 *************** function _WritingMailBox *****************
 Defined at:
		line 98 in file "Structure.c"
 Parameters:    Size  Location     Type
  data            1    wreg     unsigned char 
  reader          1   14[BANK0 ] unsigned char 
 Auto vars:     Size  Location     Type
  data            1   18[BANK0 ] unsigned char 
 Return value:  Size  Location     Type
		None               void
 Registers used:
		wreg, fsr1l, fsr1h, fsr2l, fsr2h, status,2, status,0, prodl, prodh, cstack
 Tracked objects:
		On entry : 
		On exit  : 
		Unchanged: 
 Data sizes:     COMRAM   BANK0   BANK1   BANK2   BANK3   BANK4   BANK5   BANK6   BANK7
      Params:         0       1       0       0       0       0       0       0       0
      Locals:         0       1       0       0       0       0       0       0       0
      Temps:          0       3       0       0       0       0       0       0       0
      Totals:         0       5       0       0       0       0       0       0       0
Total ram usage:        5 bytes
 Hardware stack levels used:    1
 Hardware stack levels required when called:    5
 This function calls:
		_OSRun
		_waitForBuffer
 This function is called by:
		_RX1
 This function uses a non-reentrant model


 *************** function _PWM1 *****************
 Defined at:
		line 125 in file "main.c"
 Parameters:    Size  Location     Type
		None
 Auto vars:     Size  Location     Type
		None
 Return value:  Size  Location     Type
		None               void
 Registers used:
		wreg, fsr1l, fsr1h, fsr2l, fsr2h, status,2, status,0, prodl, prodh, cstack
 Tracked objects:
		On entry : 
		On exit  : 
		Unchanged: 
 Data sizes:     COMRAM   BANK0   BANK1   BANK2   BANK3   BANK4   BANK5   BANK6   BANK7
      Params:         0       0       0       0       0       0       0       0       0
      Locals:         0       0       0       0       0       0       0       0       0
      Temps:          0       2       0       0       0       0       0       0       0
      Totals:         0       2       0       0       0       0       0       0       0
Total ram usage:        2 bytes
 Hardware stack levels used:    1
 Hardware stack levels required when called:    6
 This function calls:
		_ReadingMailBox
		_mailBoxHasData
		_mailBox_init_conection
		_vTaskDelay
		_vTaskDelete
 This function is called by:
		_main
 This function uses a non-reentrant model


 *************** function _vTaskDelete *****************
 Defined at:
		line 329 in file "Structure.c"
 Parameters:    Size  Location     Type
		None
 Auto vars:     Size  Location     Type
		None
 Return value:  Size  Location     Type
		None               void
 Registers used:
		wreg, fsr2l, fsr2h, status,2, status,0, prodl, prodh, cstack
 Tracked objects:
		On entry : 
		On exit  : 
		Unchanged: 
 Data sizes:     COMRAM   BANK0   BANK1   BANK2   BANK3   BANK4   BANK5   BANK6   BANK7
      Params:         0       0       0       0       0       0       0       0       0
      Locals:         0       0       0       0       0       0       0       0       0
      Temps:          0       0       0       0       0       0       0       0       0
      Totals:         0       0       0       0       0       0       0       0       0
Total ram usage:        0 bytes
 Hardware stack levels used:    1
 Hardware stack levels required when called:    5
 This function calls:
		_OSRun
 This function is called by:
		_RX1
		_PWM1
 This function uses a non-reentrant model


 *************** function _vTaskDelay *****************
 Defined at:
		line 214 in file "Structure.c"
 Parameters:    Size  Location     Type
  delayms         2   14[BANK0 ] unsigned int 
 Auto vars:     Size  Location     Type
		None
 Return value:  Size  Location     Type
		None               void
 Registers used:
		wreg, fsr2l, fsr2h, status,2, status,0, prodl, prodh, cstack
 Tracked objects:
		On entry : 
		On exit  : 
		Unchanged: 
 Data sizes:     COMRAM   BANK0   BANK1   BANK2   BANK3   BANK4   BANK5   BANK6   BANK7
      Params:         0       2       0       0       0       0       0       0       0
      Locals:         0       0       0       0       0       0       0       0       0
      Temps:          0       0       0       0       0       0       0       0       0
      Totals:         0       2       0       0       0       0       0       0       0
Total ram usage:        2 bytes
 Hardware stack levels used:    1
 Hardware stack levels required when called:    5
 This function calls:
		_OSRun
 This function is called by:
		_RX1
		_PWM1
 This function uses a non-reentrant model


 *************** function _mailBox_init_conection *****************
 Defined at:
		line 78 in file "Structure.c"
 Parameters:    Size  Location     Type
  reader          1    wreg     unsigned char 
  writer          1   25[COMRAM] unsigned char 
 Auto vars:     Size  Location     Type
  reader          1   14[BANK0 ] unsigned char 
 Return value:  Size  Location     Type
		None               void
 Registers used:
		wreg, fsr2l, fsr2h, status,2, status,0, prodl, prodh
 Tracked objects:
		On entry : 
		On exit  : 
		Unchanged: 
 Data sizes:     COMRAM   BANK0   BANK1   BANK2   BANK3   BANK4   BANK5   BANK6   BANK7
      Params:         1       0       0       0       0       0       0       0       0
      Locals:         0       1       0       0       0       0       0       0       0
      Temps:          0       0       0       0       0       0       0       0       0
      Totals:         1       1       0       0       0       0       0       0       0
Total ram usage:        2 bytes
 Hardware stack levels used:    1
 Hardware stack levels required when called:    4
 This function calls:
		Nothing
 This function is called by:
		_PWM1
 This function uses a non-reentrant model


 *************** function _mailBoxHasData *****************
 Defined at:
		line 94 in file "Structure.c"
 Parameters:    Size  Location     Type
  mailboxIndex    1    wreg     unsigned char 
 Auto vars:     Size  Location     Type
  mailboxIndex    1   25[COMRAM] unsigned char 
 Return value:  Size  Location     Type
                  1    wreg      unsigned char 
 Registers used:
		wreg, fsr2l, fsr2h, status,2, status,0, prodl, prodh
 Tracked objects:
		On entry : 
		On exit  : 
		Unchanged: 
 Data sizes:     COMRAM   BANK0   BANK1   BANK2   BANK3   BANK4   BANK5   BANK6   BANK7
      Params:         0       0       0       0       0       0       0       0       0
      Locals:         1       0       0       0       0       0       0       0       0
      Temps:          0       0       0       0       0       0       0       0       0
      Totals:         1       0       0       0       0       0       0       0       0
Total ram usage:        1 bytes
 Hardware stack levels used:    1
 Hardware stack levels required when called:    4
 This function calls:
		Nothing
 This function is called by:
		_PWM1
 This function uses a non-reentrant model


 *************** function _ReadingMailBox *****************
 Defined at:
		line 133 in file "Structure.c"
 Parameters:    Size  Location     Type
  writter         1    wreg     unsigned char 
  r               2   14[BANK0 ] PTR unsigned long 
		 -> y(2), 
 Auto vars:     Size  Location     Type
  writter         1   21[BANK0 ] unsigned char 
 Return value:  Size  Location     Type
		None               void
 Registers used:
		wreg, fsr1l, fsr1h, fsr2l, fsr2h, status,2, status,0, prodl, prodh, cstack
 Tracked objects:
		On entry : 
		On exit  : 
		Unchanged: 
 Data sizes:     COMRAM   BANK0   BANK1   BANK2   BANK3   BANK4   BANK5   BANK6   BANK7
      Params:         0       2       0       0       0       0       0       0       0
      Locals:         0       1       0       0       0       0       0       0       0
      Temps:          0       5       0       0       0       0       0       0       0
      Totals:         0       8       0       0       0       0       0       0       0
Total ram usage:        8 bytes
 Hardware stack levels used:    1
 Hardware stack levels required when called:    5
 This function calls:
		_OSRun
		_waitForBuffer
 This function is called by:
		_PWM1
 This function uses a non-reentrant model


 *************** function _waitForBuffer *****************
 Defined at:
		line 175 in file "Structure.c"
 Parameters:    Size  Location     Type
		None
 Auto vars:     Size  Location     Type
		None
 Return value:  Size  Location     Type
		None               void
 Registers used:
		wreg, fsr2l, fsr2h, status,2, status,0, prodl, prodh
 Tracked objects:
		On entry : 
		On exit  : 
		Unchanged: 
 Data sizes:     COMRAM   BANK0   BANK1   BANK2   BANK3   BANK4   BANK5   BANK6   BANK7
      Params:         0       0       0       0       0       0       0       0       0
      Locals:         0       0       0       0       0       0       0       0       0
      Temps:          0       0       0       0       0       0       0       0       0
      Totals:         0       0       0       0       0       0       0       0       0
Total ram usage:        0 bytes
 Hardware stack levels used:    1
 Hardware stack levels required when called:    4
 This function calls:
		Nothing
 This function is called by:
		_WritingMailBox
		_ReadingMailBox
 This function uses a non-reentrant model


 *************** function _OSRun *****************
 Defined at:
		line 398 in file "Structure.c"
 Parameters:    Size  Location     Type
		None
 Auto vars:     Size  Location     Type
		None
 Return value:  Size  Location     Type
		None               void
 Registers used:
		wreg, fsr2l, fsr2h, status,2, status,0, prodl, prodh
 Tracked objects:
		On entry : 
		On exit  : 
		Unchanged: 
 Data sizes:     COMRAM   BANK0   BANK1   BANK2   BANK3   BANK4   BANK5   BANK6   BANK7
      Params:         0       0       0       0       0       0       0       0       0
      Locals:         0       0       0       0       0       0       0       0       0
      Temps:          1       0       0       0       0       0       0       0       0
      Totals:         1       0       0       0       0       0       0       0       0
Total ram usage:        1 bytes
 Hardware stack levels used:    1
 Hardware stack levels required when called:    4
 This function calls:
		Nothing
 This function is called by:
		_WritingMailBox
		_ReadingMailBox
		_waitForBuffer
		_vTaskDelay
		_reductionTime
		_xTaskCreate
		_xInterruptTaskCreate
		_vTaskDelete
 This function uses a non-reentrant model


 *************** function _OSInit *****************
 Defined at:
		line 343 in file "Structure.c"
 Parameters:    Size  Location     Type
		None
 Auto vars:     Size  Location     Type
		None
 Return value:  Size  Location     Type
		None               void
 Registers used:
		wreg, fsr2l, fsr2h, status,2, status,0, prodl, prodh
 Tracked objects:
		On entry : 
		On exit  : 
		Unchanged: 
 Data sizes:     COMRAM   BANK0   BANK1   BANK2   BANK3   BANK4   BANK5   BANK6   BANK7
      Params:         0       0       0       0       0       0       0       0       0
      Locals:         0       0       0       0       0       0       0       0       0
      Temps:          0       0       0       0       0       0       0       0       0
      Totals:         0       0       0       0       0       0       0       0       0
Total ram usage:        0 bytes
 Hardware stack levels used:    1
 Hardware stack levels required when called:    4
 This function calls:
		Nothing
 This function is called by:
		_main
 This function uses a non-reentrant model


 *************** function _Low_Priority_Interrupt *****************
 Defined at:
		line 160 in file "main.c"
 Parameters:    Size  Location     Type
		None
 Auto vars:     Size  Location     Type
		None
 Return value:  Size  Location     Type
		None               void
 Registers used:
		wreg, fsr2l, fsr2h, status,2, status,0, prodl, prodh, cstack
 Tracked objects:
		On entry : 
		On exit  : 
		Unchanged: 
 Data sizes:     COMRAM   BANK0   BANK1   BANK2   BANK3   BANK4   BANK5   BANK6   BANK7
      Params:         0       0       0       0       0       0       0       0       0
      Locals:         0       0       0       0       0       0       0       0       0
      Temps:         17       0       0       0       0       0       0       0       0
      Totals:        17       0       0       0       0       0       0       0       0
Total ram usage:       17 bytes
 Hardware stack levels used:    1
 Hardware stack levels required when called:    3
 This function calls:
		_saveInterruptedState
		_xInterruptTaskCreate
 This function is called by:
		Interrupt level 1
 This function uses a non-reentrant model


 *************** function _xInterruptTaskCreate *****************
 Defined at:
		line 296 in file "Structure.c"
 Parameters:    Size  Location     Type
  pvTaskCode      4    0[COMRAM] unsigned long 
  Id              1    4[COMRAM] unsigned char 
  Prior           1    5[COMRAM] unsigned char 
 Auto vars:     Size  Location     Type
		None
 Return value:  Size  Location     Type
		None               void
 Registers used:
		wreg, fsr2l, fsr2h, status,2, status,0, prodl, prodh
 Tracked objects:
		On entry : 
		On exit  : 
		Unchanged: 
 Data sizes:     COMRAM   BANK0   BANK1   BANK2   BANK3   BANK4   BANK5   BANK6   BANK7
      Params:         6       0       0       0       0       0       0       0       0
      Locals:         0       0       0       0       0       0       0       0       0
      Temps:          0       0       0       0       0       0       0       0       0
      Totals:         6       0       0       0       0       0       0       0       0
Total ram usage:        6 bytes
 Hardware stack levels used:    1
 Hardware stack levels required when called:    2
 This function calls:
		Nothing
 This function is called by:
		_Low_Priority_Interrupt
 This function uses a non-reentrant model


 *************** function _saveInterruptedState *****************
 Defined at:
		line 252 in file "Structure.c"
 Parameters:    Size  Location     Type
		None
 Auto vars:     Size  Location     Type
		None
 Return value:  Size  Location     Type
                  2   32[None  ] int 
 Registers used:
		wreg, fsr2l, fsr2h, status,2, status,0, prodl, prodh
 Tracked objects:
		On entry : 
		On exit  : 
		Unchanged: 
 Data sizes:     COMRAM   BANK0   BANK1   BANK2   BANK3   BANK4   BANK5   BANK6   BANK7
      Params:         0       0       0       0       0       0       0       0       0
      Locals:         0       0       0       0       0       0       0       0       0
      Temps:          0       0       0       0       0       0       0       0       0
      Totals:         0       0       0       0       0       0       0       0       0
Total ram usage:        0 bytes
 Hardware stack levels used:    1
 Hardware stack levels required when called:    2
 This function calls:
		Nothing
 This function is called by:
		_Low_Priority_Interrupt
 This function uses a non-reentrant model


 *************** function _High_Priority_Interrupt *****************
 Defined at:
		line 149 in file "main.c"
 Parameters:    Size  Location     Type
		None
 Auto vars:     Size  Location     Type
		None
 Return value:  Size  Location     Type
		None               void
 Registers used:
		wreg, fsr2l, fsr2h, status,2, status,0, prodl, prodh, cstack
 Tracked objects:
		On entry : 
		On exit  : 
		Unchanged: 
 Data sizes:     COMRAM   BANK0   BANK1   BANK2   BANK3   BANK4   BANK5   BANK6   BANK7
      Params:         0       0       0       0       0       0       0       0       0
      Locals:         0       0       0       0       0       0       0       0       0
      Temps:          0      14       0       0       0       0       0       0       0
      Totals:         0      14       0       0       0       0       0       0       0
Total ram usage:       14 bytes
 Hardware stack levels used:    1
 Hardware stack levels required when called:    1
 This function calls:
		_reductionTime
		i2_saveInterruptedState
 This function is called by:
		Interrupt level 2
 This function uses a non-reentrant model


 *************** function i2_saveInterruptedState *****************
 Defined at:
		line 252 in file "Structure.c"
 Parameters:    Size  Location     Type
		None
 Auto vars:     Size  Location     Type
		None
 Return value:  Size  Location     Type
                  2    0[None  ] int 
 Registers used:
		wreg, fsr2l, fsr2h, status,2, status,0, prodl, prodh
 Tracked objects:
		On entry : 
		On exit  : 
		Unchanged: 
 Data sizes:     COMRAM   BANK0   BANK1   BANK2   BANK3   BANK4   BANK5   BANK6   BANK7
      Params:         0       0       0       0       0       0       0       0       0
      Locals:         0       0       0       0       0       0       0       0       0
      Temps:          0       0       0       0       0       0       0       0       0
      Totals:         0       0       0       0       0       0       0       0       0
Total ram usage:        0 bytes
 Hardware stack levels used:    1
 This function calls:
		Nothing
 This function is called by:
		_High_Priority_Interrupt
 This function uses a non-reentrant model


 *************** function _reductionTime *****************
 Defined at:
		line 231 in file "Structure.c"
 Parameters:    Size  Location     Type
		None
 Auto vars:     Size  Location     Type
		None
 Return value:  Size  Location     Type
                  2   42[None  ] int 
 Registers used:
		wreg, fsr2l, fsr2h, status,2, status,0, prodl, prodh
 Tracked objects:
		On entry : 
		On exit  : 
		Unchanged: 
 Data sizes:     COMRAM   BANK0   BANK1   BANK2   BANK3   BANK4   BANK5   BANK6   BANK7
      Params:         0       0       0       0       0       0       0       0       0
      Locals:         0       0       0       0       0       0       0       0       0
      Temps:          2       0       0       0       0       0       0       0       0
      Totals:         2       0       0       0       0       0       0       0       0
Total ram usage:        2 bytes
 Hardware stack levels used:    1
 This function calls:
		Nothing
 This function is called by:
		_High_Priority_Interrupt
 This function uses a non-reentrant model



MODULE INFORMATION

Module		Function		Class		Link	Load	Size
Structure.c
		_reductionTime 		CODE           	0F0C	0000	193
		_xTaskCreate   		CODE           	0980	0000	345
		_OSRun         		CODE           	07D0	0000	433
		_OSInit        		CODE           	0BE0	0000	209
		_saveInterruptedState		CODE           	0CB0	0000	203
		_mailBoxHasData		CODE           	1328	0000	31
		_vTaskDelay    		CODE           	0FCC	0000	191
		_vTaskDelete   		CODE           	1300	0000	41
		_mailBox_init_conection		CODE           	0E44	0000	201
		_xInterruptTaskCreate		CODE           	0AD8	0000	265
		_waitForBuffer 		CODE           	1110	0000	131
		_ReadingMailBox		CODE           	00E0	0000	933
		_WritingMailBox		CODE           	0484	0000	845

Structure.c estimated size: 4021

shared
		i2_saveInterruptedState		CODE           	0D7A	0000	203
		__initialization		CODE           	126E	0000	77

shared estimated size: 280

main.c
		_ports_Init    		CODE           	1346	0000	25
		_main          		CODE           	12C4	0000	61
		_PWM1          		CODE           	1192	0000	129
		_High_Priority_Interrupt		CODE           	0008	0000	149
		_Low_Priority_Interrupt		CODE           	0018	0000	197
		_extInt        		CODE           	135E	0000	19
		_RX1           		CODE           	1212	0000	93

main.c estimated size: 673

