Microchip MPLAB XC8 Compiler V1.35 ()

Linker command line:

-W-3 --edf=C:\Program Files (x86)\Microchip\xc8\v1.35\dat\en_msgs.txt -cs \
  -h+dist/default/debug\2deabril.X.debug.sym \
  --cmf=dist/default/debug\2deabril.X.debug.cmf -z -Q18F4550 \
  -oC:\Users\David\AppData\Local\Temp\s54s.2 \
  -Mdist/default/debug/2deabril.X.debug.map -E1 -ver=XC8 \
  -ASTACK=0400h-07ffh -pstack=STACK -ACODE=00h-07CFFh -ACONST=00h-07CFFh \
  -ASMALLCONST=0800h-08FFhx117 -AMEDIUMCONST=0800h-07CFFh -ACOMRAM=01h-05Fh \
  -AABS1=00h-03EEh,0400h-07FFh -ABIGRAM=01h-03EEh,0400h-07FFh \
  -ARAM=060h-0FFh,0100h-01FFhx2,0300h-03EEh,0400h-04FFhx4 -ABANK0=060h-0FFh \
  -ABANK1=0100h-01FFh -ABANK2=0200h-02FFh -ABANK3=0300h-03EEh \
  -ABANK4=0400h-04FFh -ABANK5=0500h-05FFh -ABANK6=0600h-06FFh \
  -ABANK7=0700h-07FFh \
  -ASFR=0F60h-0F9Bh,0F9Dh-0FD3h,0FD5h-0FDAh,0FE0h-0FE2h,0FE8h-0FEAh,0FF0h-0FFBh \
  -preset_vec=00h,intcode=08h,intcodelo=018h,powerup,init,end_init \
  -pramtop=0800h -psmallconst=SMALLCONST -pmediumconst=MEDIUMCONST \
  -pconst=CONST -AFARRAM=00h-00h -ACONFIG=0300000h-030000Dh -pconfig=CONFIG \
  -AIDLOC=0200000h-0200007h -pidloc=IDLOC -AEEDATA=0F00000h-0F000FFh \
  -peeprom_data=EEDATA \
  -prdata=COMRAM,nvrram=COMRAM,nvbit=COMRAM,rbss=COMRAM,rbit=COMRAM \
  -pfarbss=FARRAM,fardata=FARRAM,nvFARRAM=FARRAM \
  -pintsave_regs=BIGRAM,bigbss=BIGRAM,bigdata=BIGRAM -pbss=RAM \
  -pidata=CODE,irdata=CODE,ibigdata=CODE,ifardata=CODE -prparam=COMRAM \
  C:\Users\David\AppData\Local\Temp\s54s.obj \
  dist/default/debug\2deabril.X.debug.obj 

Object code version is 3.11

Machine type is 18F4550

Call graph: (short form)




                Name                               Link     Load   Length Selector   Space Scale
C:\Users\David\AppData\Local\Temp\s54s.obj
                end_init                             DC       DC        4        C       0
                reset_vec                             0        0        6        0       0
                idloc                            200000   200000        8   200000       0
                config                           300000   300000        E   300000       0
dist/default/debug\2deabril.X.debug.obj
                intcodelo                            18       18       C4        C       0
                intcode                               8        8        E        4       0
                temp                                 46       46        1        1       1
                text19                              EFC      EFC       C0        C       0
                text18                              D6C      D6C       CA        C       0
                intcode_body                       107A     107A       86        C       0
                text16                              CA2      CA2       CA        C       0
                text15                              ACA      ACA      108        C       0
                text13                              BD2      BD2       D0        C       0
                text12                              7C2      7C2      1B0        C       0
                text11                             1100     1100       82        C       0
                text10                               E0       E0      39A        C       0
                text9                               E36      E36       C6        C       0
                text8                               FBC      FBC       BE        C       0
                text7                              12B0     12B0       28        C       0
                text6                              1182     1182       54        C       0
                text5                               47A      47A      348        C       0
                text4                              11D6     11D6       50        C       0
                text3                              12F0     12F0       12        C       0
                text2                              12D8     12D8       18        C       0
                text1                               972      972      158        C       0
                text0                              1274     1274       3C        C       0
                cstackCOMRAM                          1        1       1C        1       1
                cstackBANK0                          BC       BC       16       60       1
                bssBANK1                            100      100       E7      100       1
                bssBANK0                             60       60       5C       60       1
                dataCOMRAM                           35       35       11        1       1
                bssCOMRAM                            1D       1D       18        1       1
                cinit                              1226     1226       4E        C       0
                idataCOMRAM                        1302     1302       11        C       0

TOTAL           Name                               Link     Load   Length     Space
        CLASS   STACK          

        CLASS   CODE           
                end_init                             DC       DC        4         0
                intcodelo                            18       18       C4         0
                intcode                               8        8        E         0
                reset_vec                             0        0        6         0
                text19                              EFC      EFC       C0         0
                text18                              D6C      D6C       CA         0
                intcode_body                       107A     107A       86         0
                text16                              CA2      CA2       CA         0
                text15                              ACA      ACA      108         0
                text13                              BD2      BD2       D0         0
                text12                              7C2      7C2      1B0         0
                text11                             1100     1100       82         0
                text10                               E0       E0      39A         0
                text9                               E36      E36       C6         0
                text8                               FBC      FBC       BE         0
                text7                              12B0     12B0       28         0
                text6                              1182     1182       54         0
                text5                               47A      47A      348         0
                text4                              11D6     11D6       50         0
                text3                              12F0     12F0       12         0
                text2                              12D8     12D8       18         0
                text1                               972      972      158         0
                text0                              1274     1274       3C         0
                cinit                              1226     1226       4E         0
                idataCOMRAM                        1302     1302       11         0

        CLASS   CONST          

        CLASS   SMALLCONST     

        CLASS   MEDIUMCONST    

        CLASS   COMRAM         
                temp                                 46       46        1         1
                cstackCOMRAM                          1        1       1C         1
                dataCOMRAM                           35       35       11         1
                bssCOMRAM                            1D       1D       18         1

        CLASS   ABS1           

        CLASS   BIGRAM         

        CLASS   RAM            

        CLASS   BANK0          
                cstackBANK0                          BC       BC       16         1
                bssBANK0                             60       60       5C         1

        CLASS   BANK1          
                bssBANK1                            100      100       E7         1

        CLASS   BANK2          

        CLASS   BANK3          

        CLASS   BANK4          

        CLASS   BANK5          

        CLASS   BANK6          

        CLASS   BANK7          

        CLASS   SFR            

        CLASS   FARRAM         

        CLASS   CONFIG         
                config                           300000   300000        E         0

        CLASS   IDLOC          
                idloc                            200000   200000        8         0

        CLASS   EEDATA         



SEGMENTS        Name                           Load    Length   Top    Selector   Space  Class

                reset_vec                      000000  000006  000006         0       0  CODE    
                cstackCOMRAM                   000001  000046  000047         1       1  COMRAM  
                intcode                        000008  00000E  000016         4       0  CODE    
                intcodelo                      000018  0012FB  001313         C       0  CODE    
                bssBANK0                       000060  000072  0000D2        60       1  BANK0   
                bssBANK1                       000100  0000E7  0001E7       100       1  BANK1   
                idloc                          200000  000008  200008    200000       0  IDLOC   
                config                         300000  00000E  30000E    300000       0  CONFIG  


UNUSED ADDRESS RANGES

        Name                Unused          Largest block    Delta
        BANK0            0000D2-0000FF               2E
        BANK1            0001E7-0001FF               19
        BANK2            000200-0002FF              100
        BANK3            000300-0003EE               EF
        BANK4            000400-0004FF              100
        BANK5            000500-0005FF              100
        BANK6            000600-0006FF              100
        BANK7            000700-0007FF              100
        BIGRAM           000047-00005F               19
                         0000D2-0000FF               2E
                         0001E7-0003EE              208
                         000400-0007FF              400
        CODE             000006-000007                2
                         000016-000017                2
                         001313-007CFF             69ED
        COMRAM           000047-00005F               19
        CONST            000006-000007                2
                         000016-000017                2
                         001313-007CFF             69ED
        EEDATA           F00000-F000FF              100
        MEDIUMCONST      001313-007CFF             69ED
        RAM              0000D2-0000FF               2E
                         0001E7-0003EE              100
                         000400-0007FF              100
        SFR              000F60-000F9B               3C
                         000F9D-000FD3               37
                         000FD5-000FDA                6
                         000FE0-000FE2                3
                         000FE8-000FEA                3
                         000FF0-000FFB                C
        SMALLCONST       001313-007CFF              100
        STACK            000400-0007FF              400

                                  Symbol Table

ReadingMailBox@r                  cstackCOMRAM 00001B
ReadingMailBox@writter            cstackBANK0  0000CF
Structure@s_BSRBackup             dataCOMRAM   000035
Structure@s_STATUSBackup          dataCOMRAM   000036
Structure@s_WREGBackup            dataCOMRAM   000037
WritingMailBox@data               cstackCOMRAM 00001C
WritingMailBox@reader             cstackCOMRAM 00001B
_ADCON1bits                       (abs)        000FC1
_BSR                              (abs)        000FE0
_CN1                              dataCOMRAM   000038
_GIE                              (abs)        007F97
_High_Priority_Interrupt          intcode      000008
_INT1IE                           (abs)        007F83
_INT1IF                           (abs)        007F80
_INT2IE                           (abs)        007F84
_INT2IF                           (abs)        007F81
_INTCON2bits                      (abs)        000FF1
_INTCON3bits                      (abs)        000FF0
_INTCONbits                       (abs)        000FF2
_LATB                             (abs)        000F8A
_LATB3                            (abs)        007C53
_Low_Priority_Interrupt           intcodelo    000018
_MailBoxArray                     bssBANK0     000060
_OSCCONbits                       (abs)        000FD3
_OSInit                           text13       000BD2
_OSRun                            text12       0007C2
_PIE1bits                         (abs)        000F9D
_PIR1bits                         (abs)        000F9E
_PORTBbits                        (abs)        000F81
_PWM1                             text6        001182
_RCONbits                         (abs)        000FD0
_RX1                              text4        0011D6
_ReadingMailBox                   text10       0000E0
_STATUS                           (abs)        000FD8
_STKPTR                           (abs)        000FFC
_T1CON                            (abs)        000FCD
_T1CONbits                        (abs)        000FCD
_TMR1H                            (abs)        000FCF
_TMR1IE                           (abs)        007CE8
_TMR1IF                           (abs)        007CF0
_TMR1L                            (abs)        000FCE
_TOS                              (abs)        000FFD
_TOSH                             (abs)        000FFE
_TOSL                             (abs)        000FFD
_TOSU                             (abs)        000FFF
_TRISB                            (abs)        000F93
_TRISBbits                        (abs)        000F93
_TaskArray                        bssBANK1     000100
_WREG                             (abs)        000FE8
_WritingMailBox                   text5        00047A
__CFG_BOR$OFF                     (abs)        000000
__CFG_BORV$3                      (abs)        000000
__CFG_CCP2MX$ON                   (abs)        000000
__CFG_CPUDIV$OSC4_PLL6            (abs)        000000
__CFG_FCMEN$OFF                   (abs)        000000
__CFG_FOSC$INTOSCIO_EC            (abs)        000000
__CFG_IESO$OFF                    (abs)        000000
__CFG_LPT1OSC$OFF                 (abs)        000000
__CFG_LVP$OFF                     (abs)        000000
__CFG_MCLRE$ON                    (abs)        000000
__CFG_PBADEN$OFF                  (abs)        000000
__CFG_PLLDIV$1                    (abs)        000000
__CFG_PWRT$ON                     (abs)        000000
__CFG_STVREN$OFF                  (abs)        000000
__CFG_USBDIV$1                    (abs)        000000
__CFG_VREGEN$OFF                  (abs)        000000
__CFG_WDT$OFF                     (abs)        000000
__CFG_WDTPS$32768                 (abs)        000000
__CFG_XINST$OFF                   (abs)        000000
__HRAM                            (abs)        000000
__Habs1                           abs1         000000
__Hbank0                          bank0        000000
__Hbank1                          bank1        000000
__Hbank2                          bank2        000000
__Hbank3                          bank3        000000
__Hbank4                          bank4        000000
__Hbank5                          bank5        000000
__Hbank6                          bank6        000000
__Hbank7                          bank7        000000
__Hbigbss                         bigbss       000000
__Hbigdata                        bigdata      000000
__Hbigram                         bigram       000000
__Hbss                            bss          000000
__HbssBANK0                       bssBANK0     000000
__HbssBANK1                       bssBANK1     000000
__HbssCOMRAM                      bssCOMRAM    000000
__Hcinit                          cinit        000000
__Hclrtext                        clrtext      000000
__Hcomram                         comram       000000
__Hconfig                         config       30000E
__Hconst                          const        000000
__HcstackBANK0                    cstackBANK0  000000
__HcstackCOMRAM                   cstackCOMRAM 000000
__Hdata                           data         000000
__HdataCOMRAM                     dataCOMRAM   000000
__Heeprom_data                    eeprom_data  000000
__Hend_init                       end_init     0000E0
__Hfarbss                         farbss       000000
__Hfardata                        fardata      000000
__Hibigdata                       ibigdata     000000
__Hidata                          idata        000000
__HidataCOMRAM                    idataCOMRAM  000000
__Hidloc                          idloc        200008
__Hifardata                       ifardata     000000
__Hinit                           init         0000DC
__Hintcode                        intcode      000016
__Hintcode_body                   intcode_body 000000
__Hintcodelo                      intcodelo    0000DC
__Hintentry                       intentry     000000
__Hintret                         intret       000000
__Hintsave_regs                   intsave_regs 000000
__Hirdata                         irdata       000000
__Hmediumconst                    mediumconst  000000
__HnvFARRAM                       nvFARRAM     000000
__Hnvbit                          nvbit        000000
__Hnvrram                         nvrram       000000
__Hparam                          rparam       000000
__Hpowerup                        powerup      0000DC
__Hram                            ram          000000
__Hramtop                         ramtop       000800
__Hrbit                           rbit         000000
__Hrbss                           rbss         000000
__Hrdata                          rdata        000000
__Hreset_vec                      reset_vec    000006
__Hrparam                         rparam       000000
__Hsfr                            sfr          000000
__Hsmallconst                     smallconst   000000
__Hspace_0                        (abs)        30000E
__Hspace_1                        (abs)        0001E7
__Hspace_2                        (abs)        000000
__Hstack                          stack        000000
__Hstruct                         struct       000000
__Htemp                           temp         000047
__Htext                           text         000000
__Htext0                          text0        000000
__Htext1                          text1        000000
__Htext10                         text10       000000
__Htext11                         text11       000000
__Htext12                         text12       000000
__Htext13                         text13       000000
__Htext15                         text15       000000
__Htext16                         text16       000000
__Htext18                         text18       000000
__Htext19                         text19       000000
__Htext2                          text2        000000
__Htext20                         text20       000000
__Htext3                          text3        000000
__Htext4                          text4        000000
__Htext5                          text5        000000
__Htext6                          text6        000000
__Htext7                          text7        000000
__Htext8                          text8        000000
__Htext9                          text9        000000
__LRAM                            (abs)        000001
__Labs1                           abs1         000000
__Lbank0                          bank0        000000
__Lbank1                          bank1        000000
__Lbank2                          bank2        000000
__Lbank3                          bank3        000000
__Lbank4                          bank4        000000
__Lbank5                          bank5        000000
__Lbank6                          bank6        000000
__Lbank7                          bank7        000000
__Lbigbss                         bigbss       000000
__Lbigdata                        bigdata      000000
__Lbigram                         bigram       000000
__Lbss                            bss          000000
__LbssBANK0                       bssBANK0     000000
__LbssBANK1                       bssBANK1     000000
__LbssCOMRAM                      bssCOMRAM    000000
__Lcinit                          cinit        000000
__Lclrtext                        clrtext      000000
__Lcomram                         comram       000000
__Lconfig                         config       300000
__Lconst                          const        000000
__LcstackBANK0                    cstackBANK0  000000
__LcstackCOMRAM                   cstackCOMRAM 000000
__Ldata                           data         000000
__LdataCOMRAM                     dataCOMRAM   000000
__Leeprom_data                    eeprom_data  000000
__Lend_init                       end_init     0000DC
__Lfarbss                         farbss       000000
__Lfardata                        fardata      000000
__Libigdata                       ibigdata     000000
__Lidata                          idata        000000
__LidataCOMRAM                    idataCOMRAM  000000
__Lidloc                          idloc        200000
__Lifardata                       ifardata     000000
__Linit                           init         0000DC
__Lintcode                        intcode      000008
__Lintcode_body                   intcode_body 000000
__Lintcodelo                      intcodelo    000018
__Lintentry                       intentry     000000
__Lintret                         intret       000000
__Lintsave_regs                   intsave_regs 000000
__Lirdata                         irdata       000000
__Lmediumconst                    mediumconst  000000
__LnvFARRAM                       nvFARRAM     000000
__Lnvbit                          nvbit        000000
__Lnvrram                         nvrram       000000
__Lparam                          rparam       000000
__Lpowerup                        powerup      0000DC
__Lram                            ram          000000
__Lramtop                         ramtop       000800
__Lrbit                           rbit         000000
__Lrbss                           rbss         000000
__Lrdata                          rdata        000000
__Lreset_vec                      reset_vec    000000
__Lrparam                         rparam       000000
__Lsfr                            sfr          000000
__Lsmallconst                     smallconst   000000
__Lspace_0                        (abs)        000000
__Lspace_1                        (abs)        000000
__Lspace_2                        (abs)        000000
__Lstack                          stack        000000
__Lstruct                         struct       000000
__Ltemp                           temp         000046
__Ltext                           text         000000
__Ltext0                          text0        000000
__Ltext1                          text1        000000
__Ltext10                         text10       000000
__Ltext11                         text11       000000
__Ltext12                         text12       000000
__Ltext13                         text13       000000
__Ltext15                         text15       000000
__Ltext16                         text16       000000
__Ltext18                         text18       000000
__Ltext19                         text19       000000
__Ltext2                          text2        000000
__Ltext20                         text20       000000
__Ltext3                          text3        000000
__Ltext4                          text4        000000
__Ltext5                          text5        000000
__Ltext6                          text6        000000
__Ltext7                          text7        000000
__Ltext8                          text8        000000
__Ltext9                          text9        000000
__S0                              (abs)        30000E
__S1                              (abs)        0001E7
__S2                              (abs)        000000
___inthi_sp                       stack        000000
___intlo_sp                       stack        000000
___param_bank                     (abs)        000010
___rparam_used                    (abs)        000001
___sp                             stack        000000
__accesstop                       (abs)        000060
__activetblptr                    (abs)        000000
__end_of_High_Priority_Interrupt  intcode_body 001100
__end_of_Low_Priority_Interrupt   intcodelo    0000DC
__end_of_OSInit                   text13       000CA2
__end_of_OSRun                    text12       000972
__end_of_PWM1                     text6        0011D6
__end_of_RX1                      text4        001226
__end_of_ReadingMailBox           text10       00047A
__end_of_WritingMailBox           text5        0007C2
__end_of__initialization          cinit        00126A
__end_of_extInt                   text3        001302
__end_of_mailBox_init_conection   text9        000EFC
__end_of_main                     text0        0012B0
__end_of_ports_Init               text2        0012F0
__end_of_reductionTime            text19       000FBC
__end_of_saveInterruptedState     text16       000D6C
__end_of_vTaskDelay               text8        00107A
__end_of_vTaskDelete              text7        0012D8
__end_of_waitForBuffer            text11       001182
__end_of_xInterruptTaskCreate     text15       000BD2
__end_of_xTaskCreate              text1        000ACA
__end_ofi2_saveInterruptedState   text18       000E36
__initialization                  cinit        001226
__mediumconst                     mediumconst  000000
__pbssBANK0                       bssBANK0     000060
__pbssBANK1                       bssBANK1     000100
__pbssCOMRAM                      bssCOMRAM    00001D
__pcinit                          cinit        001226
__pcstackBANK0                    cstackBANK0  0000BC
__pcstackCOMRAM                   cstackCOMRAM 000001
__pdataCOMRAM                     dataCOMRAM   000035
__pidataCOMRAM                    idataCOMRAM  001302
__pintcode                        intcode      000008
__pintcode_body                   intcode_body 00107A
__pintcodelo                      intcodelo    000018
__ptext0                          text0        001274
__ptext1                          text1        000972
__ptext10                         text10       0000E0
__ptext11                         text11       001100
__ptext12                         text12       0007C2
__ptext13                         text13       000BD2
__ptext15                         text15       000ACA
__ptext16                         text16       000CA2
__ptext18                         text18       000D6C
__ptext19                         text19       000EFC
__ptext2                          text2        0012D8
__ptext20                         text20       000000
__ptext3                          text3        0012F0
__ptext4                          text4        0011D6
__ptext5                          text5        00047A
__ptext6                          text6        001182
__ptext7                          text7        0012B0
__ptext8                          text8        000FBC
__ptext9                          text9        000E36
__ramtop                          ramtop       000800
__size_of_High_Priority_Interrupt (abs)        000000
__size_of_Low_Priority_Interrupt  (abs)        000000
__size_of_OSInit                  (abs)        000000
__size_of_OSRun                   (abs)        000000
__size_of_PWM1                    (abs)        000000
__size_of_RX1                     (abs)        000000
__size_of_ReadingMailBox          (abs)        000000
__size_of_WritingMailBox          (abs)        000000
__size_of_extInt                  (abs)        000000
__size_of_mailBox_init_conection  (abs)        000000
__size_of_main                    (abs)        000000
__size_of_ports_Init              (abs)        000000
__size_of_reductionTime           (abs)        000000
__size_of_saveInterruptedState    (abs)        000000
__size_of_vTaskDelay              (abs)        000000
__size_of_vTaskDelete             (abs)        000000
__size_of_waitForBuffer           (abs)        000000
__size_of_xInterruptTaskCreate    (abs)        000000
__size_of_xTaskCreate             (abs)        000000
__size_ofi2_saveInterruptedState  (abs)        000000
__smallconst                      smallconst   000000
_actualPosition                   dataCOMRAM   00003A
_cont                             bssCOMRAM    000021
_dutyCycle1                       dataCOMRAM   00003B
_extInt                           text3        0012F0
_i                                bssCOMRAM    000022
_i_dr                             bssCOMRAM    000024
_i_dw                             bssCOMRAM    000025
_i_mic                            bssCOMRAM    000026
_i_rmb                            bssCOMRAM    000027
_i_wmb                            bssCOMRAM    000028
_index                            bssCOMRAM    000029
_index_dr                         bssCOMRAM    00002A
_index_dw                         bssCOMRAM    00002B
_index_mic                        bssCOMRAM    00002C
_index_rmb                        bssCOMRAM    00002D
_index_wmb                        bssCOMRAM    00002E
_mailBox_init_conection           text9        000E36
_main                             text0        001274
_minPrior                         dataCOMRAM   000041
_ports_Init                       text2        0012D8
_reductionTime                    text19       000EFC
_saveInterruptedState             text16       000CA2
_schedulerStatus                  dataCOMRAM   000045
_taskPosition                     bssCOMRAM    000032
_vTaskDelay                       text8        000FBC
_vTaskDelete                      text7        0012B0
_valor1                           bssCOMRAM    000033
_waitForBuffer                    text11       001100
_x                                bssBANK0     0000B8
_xInterruptTaskCreate             text15       000ACA
_xTaskCreate                      text1        000972
_y                                bssCOMRAM    00001D
btemp                             temp         000046
end_of_initialization             cinit        00126A
i2_saveInterruptedState           text18       000D6C
int$flags                         temp         000046
int_func                          intcode_body 00107A
intlevel0                         text         000000
intlevel1                         text         000000
intlevel2                         text         000000
intlevel3                         text         000000
mailBox_init_conection@reader     cstackCOMRAM 00001B
mailBox_init_conection@writer     cstackCOMRAM 00001A
stackhi                           (abs)        0007FF
stacklo                           (abs)        000400
start                             init         0000DC
start_initialization              cinit        001226
vTaskDelay@delayms                cstackCOMRAM 00001B
xInterruptTaskCreate@Id           cstackCOMRAM 000005
xInterruptTaskCreate@Prior        cstackCOMRAM 000006
xInterruptTaskCreate@pvTaskCode   cstackCOMRAM 000001
xTaskCreate@Id                    cstackBANK0  0000CE
xTaskCreate@Prior                 cstackBANK0  0000CF
xTaskCreate@pvTaskCode            cstackBANK0  0000CA


FUNCTION INFORMATION:

 *************** function _main *****************
 Defined at:
		line 178 in file "main.c"
 Parameters:    Size  Location     Type
		None
 Auto vars:     Size  Location     Type
		None
 Return value:  Size  Location     Type
		None               void
 Registers used:
		wreg, fsr1l, fsr1h, fsr2l, fsr2h, status,2, status,0, prodl, prodh, cstack
 Tracked objects:
		On entry : 
		On exit  : 
		Unchanged: 
 Data sizes:     COMRAM   BANK0   BANK1   BANK2   BANK3   BANK4   BANK5   BANK6   BANK7
      Params:         0       0       0       0       0       0       0       0       0
      Locals:         0       0       0       0       0       0       0       0       0
      Temps:          0       0       0       0       0       0       0       0       0
      Totals:         0       0       0       0       0       0       0       0       0
Total ram usage:        0 bytes
 Hardware stack levels required when called:    7
 This function calls:
		_OSInit
		_PWM1
		_RX1
		_extInt
		_ports_Init
		_xTaskCreate
 This function is called by:
		Startup code after reset
 This function uses a non-reentrant model


 *************** function _xTaskCreate *****************
 Defined at:
		line 262 in file "Structure.c"
 Parameters:    Size  Location     Type
  pvTaskCode      4   14[BANK0 ] unsigned long 
  Id              1   18[BANK0 ] unsigned char 
  Prior           1   19[BANK0 ] unsigned char 
 Auto vars:     Size  Location     Type
		None
 Return value:  Size  Location     Type
		None               void
 Registers used:
		wreg, fsr2l, fsr2h, status,2, status,0, prodl, prodh, cstack
 Tracked objects:
		On entry : 
		On exit  : 
		Unchanged: 
 Data sizes:     COMRAM   BANK0   BANK1   BANK2   BANK3   BANK4   BANK5   BANK6   BANK7
      Params:         0       6       0       0       0       0       0       0       0
      Locals:         0       0       0       0       0       0       0       0       0
      Temps:          0       0       0       0       0       0       0       0       0
      Totals:         0       6       0       0       0       0       0       0       0
Total ram usage:        6 bytes
 Hardware stack levels used:    1
 Hardware stack levels required when called:    5
 This function calls:
		_OSRun
 This function is called by:
		_main
 This function uses a non-reentrant model


 *************** function _ports_Init *****************
 Defined at:
		line 84 in file "main.c"
 Parameters:    Size  Location     Type
		None
 Auto vars:     Size  Location     Type
		None
 Return value:  Size  Location     Type
		None               void
 Registers used:
		wreg, status,2
 Tracked objects:
		On entry : 
		On exit  : 
		Unchanged: 
 Data sizes:     COMRAM   BANK0   BANK1   BANK2   BANK3   BANK4   BANK5   BANK6   BANK7
      Params:         0       0       0       0       0       0       0       0       0
      Locals:         0       0       0       0       0       0       0       0       0
      Temps:          0       0       0       0       0       0       0       0       0
      Totals:         0       0       0       0       0       0       0       0       0
Total ram usage:        0 bytes
 Hardware stack levels used:    1
 Hardware stack levels required when called:    4
 This function calls:
		Nothing
 This function is called by:
		_main
 This function uses a non-reentrant model


 *************** function _extInt *****************
 Defined at:
		line 67 in file "main.c"
 Parameters:    Size  Location     Type
		None
 Auto vars:     Size  Location     Type
		None
 Return value:  Size  Location     Type
		None               void
 Registers used:
		None
 Tracked objects:
		On entry : 
		On exit  : 
		Unchanged: 
 Data sizes:     COMRAM   BANK0   BANK1   BANK2   BANK3   BANK4   BANK5   BANK6   BANK7
      Params:         0       0       0       0       0       0       0       0       0
      Locals:         0       0       0       0       0       0       0       0       0
      Temps:          0       0       0       0       0       0       0       0       0
      Totals:         0       0       0       0       0       0       0       0       0
Total ram usage:        0 bytes
 Hardware stack levels used:    1
 Hardware stack levels required when called:    4
 This function calls:
		Nothing
 This function is called by:
		_main
 This function uses a non-reentrant model


 *************** function _RX1 *****************
 Defined at:
		line 97 in file "main.c"
 Parameters:    Size  Location     Type
		None
 Auto vars:     Size  Location     Type
		None
 Return value:  Size  Location     Type
		None               void
 Registers used:
		wreg, fsr1l, fsr1h, fsr2l, fsr2h, status,2, status,0, prodl, prodh, cstack
 Tracked objects:
		On entry : 
		On exit  : 
		Unchanged: 
 Data sizes:     COMRAM   BANK0   BANK1   BANK2   BANK3   BANK4   BANK5   BANK6   BANK7
      Params:         0       0       0       0       0       0       0       0       0
      Locals:         0       0       0       0       0       0       0       0       0
      Temps:          0       0       0       0       0       0       0       0       0
      Totals:         0       0       0       0       0       0       0       0       0
Total ram usage:        0 bytes
 Hardware stack levels used:    1
 Hardware stack levels required when called:    6
 This function calls:
		_WritingMailBox
		_vTaskDelay
		_vTaskDelete
 This function is called by:
		_Low_Priority_Interrupt
		_main
 This function uses a non-reentrant model


 *************** function _WritingMailBox *****************
 Defined at:
		line 92 in file "Structure.c"
 Parameters:    Size  Location     Type
  data            1    wreg     unsigned char 
  reader          1   26[COMRAM] unsigned char 
 Auto vars:     Size  Location     Type
  data            1   27[COMRAM] unsigned char 
 Return value:  Size  Location     Type
		None               void
 Registers used:
		wreg, fsr1l, fsr1h, fsr2l, fsr2h, status,2, status,0, prodl, prodh, cstack
 Tracked objects:
		On entry : 
		On exit  : 
		Unchanged: 
 Data sizes:     COMRAM   BANK0   BANK1   BANK2   BANK3   BANK4   BANK5   BANK6   BANK7
      Params:         1       0       0       0       0       0       0       0       0
      Locals:         1       0       0       0       0       0       0       0       0
      Temps:          0       3       0       0       0       0       0       0       0
      Totals:         2       3       0       0       0       0       0       0       0
Total ram usage:        5 bytes
 Hardware stack levels used:    1
 Hardware stack levels required when called:    5
 This function calls:
		_OSRun
		_waitForBuffer
 This function is called by:
		_RX1
 This function uses a non-reentrant model


 *************** function _PWM1 *****************
 Defined at:
		line 124 in file "main.c"
 Parameters:    Size  Location     Type
		None
 Auto vars:     Size  Location     Type
		None
 Return value:  Size  Location     Type
		None               void
 Registers used:
		wreg, fsr1l, fsr1h, fsr2l, fsr2h, status,2, status,0, prodl, prodh, cstack
 Tracked objects:
		On entry : 
		On exit  : 
		Unchanged: 
 Data sizes:     COMRAM   BANK0   BANK1   BANK2   BANK3   BANK4   BANK5   BANK6   BANK7
      Params:         0       0       0       0       0       0       0       0       0
      Locals:         0       0       0       0       0       0       0       0       0
      Temps:          0       2       0       0       0       0       0       0       0
      Totals:         0       2       0       0       0       0       0       0       0
Total ram usage:        2 bytes
 Hardware stack levels used:    1
 Hardware stack levels required when called:    6
 This function calls:
		_ReadingMailBox
		_mailBox_init_conection
		_vTaskDelay
		_vTaskDelete
 This function is called by:
		_main
 This function uses a non-reentrant model


 *************** function _vTaskDelete *****************
 Defined at:
		line 320 in file "Structure.c"
 Parameters:    Size  Location     Type
		None
 Auto vars:     Size  Location     Type
		None
 Return value:  Size  Location     Type
		None               void
 Registers used:
		wreg, fsr2l, fsr2h, status,2, status,0, prodl, prodh, cstack
 Tracked objects:
		On entry : 
		On exit  : 
		Unchanged: 
 Data sizes:     COMRAM   BANK0   BANK1   BANK2   BANK3   BANK4   BANK5   BANK6   BANK7
      Params:         0       0       0       0       0       0       0       0       0
      Locals:         0       0       0       0       0       0       0       0       0
      Temps:          0       0       0       0       0       0       0       0       0
      Totals:         0       0       0       0       0       0       0       0       0
Total ram usage:        0 bytes
 Hardware stack levels used:    1
 Hardware stack levels required when called:    5
 This function calls:
		_OSRun
 This function is called by:
		_RX1
		_PWM1
 This function uses a non-reentrant model


 *************** function _vTaskDelay *****************
 Defined at:
		line 205 in file "Structure.c"
 Parameters:    Size  Location     Type
  delayms         2   26[COMRAM] unsigned int 
 Auto vars:     Size  Location     Type
		None
 Return value:  Size  Location     Type
		None               void
 Registers used:
		wreg, fsr2l, fsr2h, status,2, status,0, prodl, prodh, cstack
 Tracked objects:
		On entry : 
		On exit  : 
		Unchanged: 
 Data sizes:     COMRAM   BANK0   BANK1   BANK2   BANK3   BANK4   BANK5   BANK6   BANK7
      Params:         2       0       0       0       0       0       0       0       0
      Locals:         0       0       0       0       0       0       0       0       0
      Temps:          0       0       0       0       0       0       0       0       0
      Totals:         2       0       0       0       0       0       0       0       0
Total ram usage:        2 bytes
 Hardware stack levels used:    1
 Hardware stack levels required when called:    5
 This function calls:
		_OSRun
 This function is called by:
		_RX1
		_PWM1
 This function uses a non-reentrant model


 *************** function _mailBox_init_conection *****************
 Defined at:
		line 75 in file "Structure.c"
 Parameters:    Size  Location     Type
  reader          1    wreg     unsigned char 
  writer          1   25[COMRAM] unsigned char 
 Auto vars:     Size  Location     Type
  reader          1   26[COMRAM] unsigned char 
 Return value:  Size  Location     Type
		None               void
 Registers used:
		wreg, fsr2l, fsr2h, status,2, status,0, prodl, prodh
 Tracked objects:
		On entry : 
		On exit  : 
		Unchanged: 
 Data sizes:     COMRAM   BANK0   BANK1   BANK2   BANK3   BANK4   BANK5   BANK6   BANK7
      Params:         1       0       0       0       0       0       0       0       0
      Locals:         1       0       0       0       0       0       0       0       0
      Temps:          0       0       0       0       0       0       0       0       0
      Totals:         2       0       0       0       0       0       0       0       0
Total ram usage:        2 bytes
 Hardware stack levels used:    1
 Hardware stack levels required when called:    4
 This function calls:
		Nothing
 This function is called by:
		_PWM1
 This function uses a non-reentrant model


 *************** function _ReadingMailBox *****************
 Defined at:
		line 127 in file "Structure.c"
 Parameters:    Size  Location     Type
  writter         1    wreg     unsigned char 
  r               2   26[COMRAM] PTR unsigned long 
		 -> NULL(0), 
 Auto vars:     Size  Location     Type
  writter         1   19[BANK0 ] unsigned char 
 Return value:  Size  Location     Type
		None               void
 Registers used:
		wreg, fsr1l, fsr1h, fsr2l, fsr2h, status,2, status,0, prodl, prodh, cstack
 Tracked objects:
		On entry : 
		On exit  : 
		Unchanged: 
 Data sizes:     COMRAM   BANK0   BANK1   BANK2   BANK3   BANK4   BANK5   BANK6   BANK7
      Params:         2       0       0       0       0       0       0       0       0
      Locals:         0       1       0       0       0       0       0       0       0
      Temps:          0       5       0       0       0       0       0       0       0
      Totals:         2       6       0       0       0       0       0       0       0
Total ram usage:        8 bytes
 Hardware stack levels used:    1
 Hardware stack levels required when called:    5
 This function calls:
		_OSRun
		_waitForBuffer
 This function is called by:
		_PWM1
 This function uses a non-reentrant model


 *************** function _waitForBuffer *****************
 Defined at:
		line 166 in file "Structure.c"
 Parameters:    Size  Location     Type
		None
 Auto vars:     Size  Location     Type
		None
 Return value:  Size  Location     Type
		None               void
 Registers used:
		wreg, fsr2l, fsr2h, status,2, status,0, prodl, prodh
 Tracked objects:
		On entry : 
		On exit  : 
		Unchanged: 
 Data sizes:     COMRAM   BANK0   BANK1   BANK2   BANK3   BANK4   BANK5   BANK6   BANK7
      Params:         0       0       0       0       0       0       0       0       0
      Locals:         0       0       0       0       0       0       0       0       0
      Temps:          0       0       0       0       0       0       0       0       0
      Totals:         0       0       0       0       0       0       0       0       0
Total ram usage:        0 bytes
 Hardware stack levels used:    1
 Hardware stack levels required when called:    4
 This function calls:
		Nothing
 This function is called by:
		_WritingMailBox
		_ReadingMailBox
 This function uses a non-reentrant model


 *************** function _OSRun *****************
 Defined at:
		line 389 in file "Structure.c"
 Parameters:    Size  Location     Type
		None
 Auto vars:     Size  Location     Type
		None
 Return value:  Size  Location     Type
		None               void
 Registers used:
		wreg, fsr2l, fsr2h, status,2, status,0, prodl, prodh
 Tracked objects:
		On entry : 
		On exit  : 
		Unchanged: 
 Data sizes:     COMRAM   BANK0   BANK1   BANK2   BANK3   BANK4   BANK5   BANK6   BANK7
      Params:         0       0       0       0       0       0       0       0       0
      Locals:         0       0       0       0       0       0       0       0       0
      Temps:          1       0       0       0       0       0       0       0       0
      Totals:         1       0       0       0       0       0       0       0       0
Total ram usage:        1 bytes
 Hardware stack levels used:    1
 Hardware stack levels required when called:    4
 This function calls:
		Nothing
 This function is called by:
		_WritingMailBox
		_ReadingMailBox
		_waitForBuffer
		_vTaskDelay
		_reductionTime
		_xTaskCreate
		_xInterruptTaskCreate
		_vTaskDelete
 This function uses a non-reentrant model


 *************** function _OSInit *****************
 Defined at:
		line 334 in file "Structure.c"
 Parameters:    Size  Location     Type
		None
 Auto vars:     Size  Location     Type
		None
 Return value:  Size  Location     Type
		None               void
 Registers used:
		wreg, fsr2l, fsr2h, status,2, status,0, prodl, prodh
 Tracked objects:
		On entry : 
		On exit  : 
		Unchanged: 
 Data sizes:     COMRAM   BANK0   BANK1   BANK2   BANK3   BANK4   BANK5   BANK6   BANK7
      Params:         0       0       0       0       0       0       0       0       0
      Locals:         0       0       0       0       0       0       0       0       0
      Temps:          0       0       0       0       0       0       0       0       0
      Totals:         0       0       0       0       0       0       0       0       0
Total ram usage:        0 bytes
 Hardware stack levels used:    1
 Hardware stack levels required when called:    4
 This function calls:
		Nothing
 This function is called by:
		_main
 This function uses a non-reentrant model


 *************** function _Low_Priority_Interrupt *****************
 Defined at:
		line 155 in file "main.c"
 Parameters:    Size  Location     Type
		None
 Auto vars:     Size  Location     Type
		None
 Return value:  Size  Location     Type
		None               void
 Registers used:
		wreg, fsr2l, fsr2h, status,2, status,0, prodl, prodh, cstack
 Tracked objects:
		On entry : 
		On exit  : 
		Unchanged: 
 Data sizes:     COMRAM   BANK0   BANK1   BANK2   BANK3   BANK4   BANK5   BANK6   BANK7
      Params:         0       0       0       0       0       0       0       0       0
      Locals:         0       0       0       0       0       0       0       0       0
      Temps:         17       0       0       0       0       0       0       0       0
      Totals:        17       0       0       0       0       0       0       0       0
Total ram usage:       17 bytes
 Hardware stack levels used:    1
 Hardware stack levels required when called:    3
 This function calls:
		_saveInterruptedState
		_xInterruptTaskCreate
 This function is called by:
		Interrupt level 1
 This function uses a non-reentrant model


 *************** function _xInterruptTaskCreate *****************
 Defined at:
		line 287 in file "Structure.c"
 Parameters:    Size  Location     Type
  pvTaskCode      4    0[COMRAM] unsigned long 
  Id              1    4[COMRAM] unsigned char 
  Prior           1    5[COMRAM] unsigned char 
 Auto vars:     Size  Location     Type
		None
 Return value:  Size  Location     Type
		None               void
 Registers used:
		wreg, fsr2l, fsr2h, status,2, status,0, prodl, prodh
 Tracked objects:
		On entry : 
		On exit  : 
		Unchanged: 
 Data sizes:     COMRAM   BANK0   BANK1   BANK2   BANK3   BANK4   BANK5   BANK6   BANK7
      Params:         6       0       0       0       0       0       0       0       0
      Locals:         0       0       0       0       0       0       0       0       0
      Temps:          0       0       0       0       0       0       0       0       0
      Totals:         6       0       0       0       0       0       0       0       0
Total ram usage:        6 bytes
 Hardware stack levels used:    1
 Hardware stack levels required when called:    2
 This function calls:
		Nothing
 This function is called by:
		_Low_Priority_Interrupt
 This function uses a non-reentrant model


 *************** function _saveInterruptedState *****************
 Defined at:
		line 243 in file "Structure.c"
 Parameters:    Size  Location     Type
		None
 Auto vars:     Size  Location     Type
		None
 Return value:  Size  Location     Type
                  2   30[None  ] int 
 Registers used:
		wreg, fsr2l, fsr2h, status,2, status,0, prodl, prodh
 Tracked objects:
		On entry : 
		On exit  : 
		Unchanged: 
 Data sizes:     COMRAM   BANK0   BANK1   BANK2   BANK3   BANK4   BANK5   BANK6   BANK7
      Params:         0       0       0       0       0       0       0       0       0
      Locals:         0       0       0       0       0       0       0       0       0
      Temps:          0       0       0       0       0       0       0       0       0
      Totals:         0       0       0       0       0       0       0       0       0
Total ram usage:        0 bytes
 Hardware stack levels used:    1
 Hardware stack levels required when called:    2
 This function calls:
		Nothing
 This function is called by:
		_Low_Priority_Interrupt
 This function uses a non-reentrant model


 *************** function _High_Priority_Interrupt *****************
 Defined at:
		line 144 in file "main.c"
 Parameters:    Size  Location     Type
		None
 Auto vars:     Size  Location     Type
		None
 Return value:  Size  Location     Type
		None               void
 Registers used:
		wreg, fsr2l, fsr2h, status,2, status,0, prodl, prodh, cstack
 Tracked objects:
		On entry : 
		On exit  : 
		Unchanged: 
 Data sizes:     COMRAM   BANK0   BANK1   BANK2   BANK3   BANK4   BANK5   BANK6   BANK7
      Params:         0       0       0       0       0       0       0       0       0
      Locals:         0       0       0       0       0       0       0       0       0
      Temps:          0      14       0       0       0       0       0       0       0
      Totals:         0      14       0       0       0       0       0       0       0
Total ram usage:       14 bytes
 Hardware stack levels used:    1
 Hardware stack levels required when called:    1
 This function calls:
		_reductionTime
		i2_saveInterruptedState
 This function is called by:
		Interrupt level 2
 This function uses a non-reentrant model


 *************** function i2_saveInterruptedState *****************
 Defined at:
		line 243 in file "Structure.c"
 Parameters:    Size  Location     Type
		None
 Auto vars:     Size  Location     Type
		None
 Return value:  Size  Location     Type
                  2    0[None  ] int 
 Registers used:
		wreg, fsr2l, fsr2h, status,2, status,0, prodl, prodh
 Tracked objects:
		On entry : 
		On exit  : 
		Unchanged: 
 Data sizes:     COMRAM   BANK0   BANK1   BANK2   BANK3   BANK4   BANK5   BANK6   BANK7
      Params:         0       0       0       0       0       0       0       0       0
      Locals:         0       0       0       0       0       0       0       0       0
      Temps:          0       0       0       0       0       0       0       0       0
      Totals:         0       0       0       0       0       0       0       0       0
Total ram usage:        0 bytes
 Hardware stack levels used:    1
 This function calls:
		Nothing
 This function is called by:
		_High_Priority_Interrupt
 This function uses a non-reentrant model


 *************** function _reductionTime *****************
 Defined at:
		line 222 in file "Structure.c"
 Parameters:    Size  Location     Type
		None
 Auto vars:     Size  Location     Type
		None
 Return value:  Size  Location     Type
                  2   40[None  ] int 
 Registers used:
		wreg, fsr2l, fsr2h, status,2, status,0, prodl, prodh
 Tracked objects:
		On entry : 
		On exit  : 
		Unchanged: 
 Data sizes:     COMRAM   BANK0   BANK1   BANK2   BANK3   BANK4   BANK5   BANK6   BANK7
      Params:         0       0       0       0       0       0       0       0       0
      Locals:         0       0       0       0       0       0       0       0       0
      Temps:          2       0       0       0       0       0       0       0       0
      Totals:         2       0       0       0       0       0       0       0       0
Total ram usage:        2 bytes
 Hardware stack levels used:    1
 This function calls:
		Nothing
 This function is called by:
		_High_Priority_Interrupt
 This function uses a non-reentrant model



MODULE INFORMATION

Module		Function		Class		Link	Load	Size
Structure.c
		_reductionTime 		CODE           	0EFC	0000	193
		_xTaskCreate   		CODE           	0972	0000	345
		_OSRun         		CODE           	07C2	0000	433
		_OSInit        		CODE           	0BD2	0000	209
		_saveInterruptedState		CODE           	0CA2	0000	203
		_vTaskDelay    		CODE           	0FBC	0000	191
		_vTaskDelete   		CODE           	12B0	0000	41
		_mailBox_init_conection		CODE           	0E36	0000	199
		_xInterruptTaskCreate		CODE           	0ACA	0000	265
		_waitForBuffer 		CODE           	1100	0000	131
		_ReadingMailBox		CODE           	00E0	0000	923
		_WritingMailBox		CODE           	047A	0000	841

Structure.c estimated size: 3974

shared
		i2_saveInterruptedState		CODE           	0D6C	0000	203
		__initialization		CODE           	1226	0000	69

shared estimated size: 272

main.c
		_ports_Init    		CODE           	12D8	0000	25
		_main          		CODE           	1274	0000	61
		_PWM1          		CODE           	1182	0000	85
		_High_Priority_Interrupt		CODE           	0008	0000	149
		_Low_Priority_Interrupt		CODE           	0018	0000	197
		_extInt        		CODE           	12F0	0000	19
		_RX1           		CODE           	11D6	0000	81

main.c estimated size: 617

