Microchip MPLAB XC8 Compiler V1.35 ()

Linker command line:

-W-3 --edf=C:\Program Files (x86)\Microchip\xc8\v1.35\dat\en_msgs.txt -cs \
  -h+dist/default/debug\ultimaversi_n08marzo.X.debug.sym \
  --cmf=dist/default/debug\ultimaversi_n08marzo.X.debug.cmf -z -Q18F4550 \
  -oC:\Users\David\AppData\Local\Temp\s958.2 \
  -Mdist/default/debug/ultimaversi_n08marzo.X.debug.map -E1 -ver=XC8 \
  -ASTACK=01E7h-07ffh -pstack=STACK -ACODE=00h-07FFFh -ACONST=00h-07FFFh \
  -ASMALLCONST=0800h-08FFhx120 -AMEDIUMCONST=0800h-07FFFh -ACOMRAM=01h-05Fh \
  -AABS1=00h-07FFh -ABIGRAM=01h-07FFh -ARAM=060h-0FFh,0100h-01FFhx7 \
  -ABANK0=060h-0FFh -ABANK1=0100h-01FFh -ABANK2=0200h-02FFh \
  -ABANK3=0300h-03FFh -ABANK4=0400h-04FFh -ABANK5=0500h-05FFh \
  -ABANK6=0600h-06FFh -ABANK7=0700h-07FFh -ASFR=0F60h-0FFFh \
  -preset_vec=00h,intcode=08h,intcodelo=018h,powerup,init,end_init \
  -pramtop=0800h -psmallconst=SMALLCONST -pmediumconst=MEDIUMCONST \
  -pconst=CONST -AFARRAM=00h-00h -ACONFIG=0300000h-030000Dh -pconfig=CONFIG \
  -AIDLOC=0200000h-0200007h -pidloc=IDLOC -AEEDATA=0F00000h-0F000FFh \
  -peeprom_data=EEDATA \
  -prdata=COMRAM,nvrram=COMRAM,nvbit=COMRAM,rbss=COMRAM,rbit=COMRAM \
  -pfarbss=FARRAM,fardata=FARRAM,nvFARRAM=FARRAM \
  -pintsave_regs=BIGRAM,bigbss=BIGRAM,bigdata=BIGRAM -pbss=RAM \
  -pidata=CODE,irdata=CODE,ibigdata=CODE,ifardata=CODE -pparam0=BANK0 \
  C:\Users\David\AppData\Local\Temp\s958.obj \
  dist/default/debug\ultimaversi_n08marzo.X.debug.obj 

Object code version is 3.11

Machine type is 18F4550

Call graph: (short form)




                Name                               Link     Load   Length Selector   Space Scale
C:\Users\David\AppData\Local\Temp\s958.obj
                end_init                             DA       DA        4        C       0
                reset_vec                             0        0        4        0       0
                idloc                            200000   200000        8   200000       0
                config                           300000   300000        E   300000       0
dist/default/debug\ultimaversi_n08marzo.X.debug.obj
                intcodelo                            18       18       C2        C       0
                intcode                               8        8        E        4       0
                temp                                 44       44        1        1       1
                text29                              DEA      DEA       BC        C       0
                text28                              B8E      B8E       D6        C       0
                text27                              A76      A76      118        C       0
                intcode_body                       1164     1164       AA        C       0
                text25                             10BA     10BA       AA        C       0
                text24                              774      774      1AC        C       0
                text23                             120E     120E       82        C       0
                text22                              454      454      320        C       0
                text21                              C64      C64       C6        C       0
                text20                             1526     1526       26        C       0
                text19                              920      920      156        C       0
                text18                             1290     1290       68        C       0
                text17                             1010     1010       AA        C       0
                text16                               DE       DE      376        C       0
                text15                             12F8     12F8       62        C       0
                text14                             13DE     13DE       34        C       0
                text13                              EA6      EA6       BA        C       0
                text12                             13A8     13A8       36        C       0
                text11                             154C     154C       1C        C       0
                text10                             14F8     14F8       2E        C       0
                text9                              14CA     14CA       2E        C       0
                text8                              149C     149C       2E        C       0
                text7                              146E     146E       2E        C       0
                text6                              1440     1440       2E        C       0
                text5                              1412     1412       2E        C       0
                text4                               F60      F60       B0        C       0
                text3                              1586     1586        A      ABC       0
                text1                               D2A      D2A       C0        C       0
                text0                              1578     1578        E      ABC       0
                cstackCOMRAM                         1B       1B       1A        1       1
                cstackBANK0                          B8       B8       14       60       1
                bssBANK1                            100      100       E7      100       1
                bssBANK0                             60       60       58       60       1
                dataCOMRAM                           35       35        F        1       1
                bssCOMRAM                             1        1       1A        1       1
                cinit                              135A     135A       4E        C       0
                idataCOMRAM                        1568     1568        F        C       0

TOTAL           Name                               Link     Load   Length     Space
        CLASS   STACK          

        CLASS   CODE           
                end_init                             DA       DA        4         0
                intcodelo                            18       18       C2         0
                intcode                               8        8        E         0
                reset_vec                             0        0        4         0
                text29                              DEA      DEA       BC         0
                text28                              B8E      B8E       D6         0
                text27                              A76      A76      118         0
                intcode_body                       1164     1164       AA         0
                text25                             10BA     10BA       AA         0
                text24                              774      774      1AC         0
                text23                             120E     120E       82         0
                text22                              454      454      320         0
                text21                              C64      C64       C6         0
                text20                             1526     1526       26         0
                text19                              920      920      156         0
                text18                             1290     1290       68         0
                text17                             1010     1010       AA         0
                text16                               DE       DE      376         0
                text15                             12F8     12F8       62         0
                text14                             13DE     13DE       34         0
                text13                              EA6      EA6       BA         0
                text12                             13A8     13A8       36         0
                text11                             154C     154C       1C         0
                text10                             14F8     14F8       2E         0
                text9                              14CA     14CA       2E         0
                text8                              149C     149C       2E         0
                text7                              146E     146E       2E         0
                text6                              1440     1440       2E         0
                text5                              1412     1412       2E         0
                text4                               F60      F60       B0         0
                text3                              1586     1586        A         0
                text1                               D2A      D2A       C0         0
                text0                              1578     1578        E         0
                cinit                              135A     135A       4E         0
                idataCOMRAM                        1568     1568        F         0

        CLASS   CONST          

        CLASS   SMALLCONST     

        CLASS   MEDIUMCONST    

        CLASS   COMRAM         
                temp                                 44       44        1         1
                cstackCOMRAM                         1B       1B       1A         1
                dataCOMRAM                           35       35        F         1
                bssCOMRAM                             1        1       1A         1

        CLASS   ABS1           

        CLASS   BIGRAM         

        CLASS   RAM            

        CLASS   BANK0          
                cstackBANK0                          B8       B8       14         1
                bssBANK0                             60       60       58         1

        CLASS   BANK1          
                bssBANK1                            100      100       E7         1

        CLASS   BANK2          

        CLASS   BANK3          

        CLASS   BANK4          

        CLASS   BANK5          

        CLASS   BANK6          

        CLASS   BANK7          

        CLASS   SFR            

        CLASS   FARRAM         

        CLASS   CONFIG         
                config                           300000   300000        E         0

        CLASS   IDLOC          
                idloc                            200000   200000        8         0

        CLASS   EEDATA         



SEGMENTS        Name                           Load    Length   Top    Selector   Space  Class

                reset_vec                      000000  000004  000004         0       0  CODE    
                bssCOMRAM                      000001  000044  000045         1       1  COMRAM  
                intcode                        000008  00000E  000016         4       0  CODE    
                intcodelo                      000018  00155F  001577         C       0  CODE    
                bssBANK0                       000060  00006C  0000CC        60       1  BANK0   
                bssBANK1                       000100  0000E7  0001E7       100       1  BANK1   
                text0                          001578  000018  001590       ABC       0  CODE    
                idloc                          200000  000008  200008    200000       0  IDLOC   
                config                         300000  00000E  30000E    300000       0  CONFIG  


UNUSED ADDRESS RANGES

        Name                Unused          Largest block    Delta
        BANK0            0000CC-0000FF               34
        BANK1            0001E7-0001FF               19
        BANK2            000200-0002FF              100
        BANK3            000300-0003FF              100
        BANK4            000400-0004FF              100
        BANK5            000500-0005FF              100
        BANK6            000600-0006FF              100
        BANK7            000700-0007FF              100
        BIGRAM           000045-00005F               1B
                         0000CC-0000FF               34
                         0001E7-0007FF              619
        CODE             000004-000007                4
                         000016-000017                2
                         001577-001577                1
                         001590-007FFF             6A70
        COMRAM           000045-00005F               1B
        CONST            000004-000007                4
                         000016-000017                2
                         001577-001577                1
                         001590-007FFF             6A70
        EEDATA           F00000-F000FF              100
        MEDIUMCONST      001577-001577                1
                         001590-007FFF             6A70
        RAM              0000CC-0000FF               34
                         0001E7-0007FF              100
        SFR              000F60-000FFF               A0
        SMALLCONST       001577-001577                1
                         001590-007FFF              100
        STACK            0001E7-0007FF              619

                                  Symbol Table

DoneReading@writter               cstackCOMRAM 00001C
DoneWritting@reader               cstackCOMRAM 00001C
ReadingMailBox@r                  cstackCOMRAM 00001C
ReadingMailBox@writter            cstackCOMRAM 000023
Structure@s_BSRBackup             dataCOMRAM   000035
Structure@s_STATUSBackup          dataCOMRAM   000036
Structure@s_WREGBackup            dataCOMRAM   000037
WritingMailBox@data               cstackCOMRAM 000020
WritingMailBox@reader             cstackCOMRAM 00001C
_BSR                              (abs)        000FE0
_DoneReading                      text25       0010BA
_DoneWritting                     text17       001010
_FunctionA                        text18       001290
_FunctionB                        text15       0012F8
_FunctionC                        text14       0013DE
_FunctionD                        text12       0013A8
_FunctionE                        text11       00154C
_GIE                              (abs)        007F97
_High_Priority_Interrupt          intcode      000008
_INT0IE                           (abs)        007F94
_INT0IF                           (abs)        007F91
_INTCON                           (abs)        000FF2
_LATB                             (abs)        000F8A
_LATBbits                         (abs)        000F8A
_Low_Priority_Interrupt           intcodelo    000018
_MailBoxArray                     bssBANK0     000060
_OSCCON                           (abs)        000FD3
_OSInit                           text1        000D2A
_OSRun                            text24       000774
_PEIE                             (abs)        007F96
_PWM1                             text10       0014F8
_PWM2                             text9        0014CA
_PWM3                             text8        00149C
_PWM4                             text7        00146E
_PWM5                             text6        001440
_PWM6                             text5        001412
_PWM_activator                    text4        000F60
_PWM_init                         text3        001586
_ReadingMailBox                   text16       0000DE
_STATUS                           (abs)        000FD8
_STKPTR                           (abs)        000FFC
_T0CON                            (abs)        000FD5
_T0CONbits                        (abs)        000FD5
_TMR0IE                           (abs)        007F95
_TMR0IF                           (abs)        007F92
_TMR0ON                           (abs)        007EAF
_TOS                              (abs)        000FFD
_TOSH                             (abs)        000FFE
_TOSL                             (abs)        000FFD
_TOSU                             (abs)        000FFF
_TRISB                            (abs)        000F93
_TaskArray                        bssBANK1     000100
_WREG                             (abs)        000FE8
_WritingMailBox                   text22       000454
__CFG_BOR$OFF                     (abs)        000000
__CFG_BORV$3                      (abs)        000000
__CFG_CCP2MX$ON                   (abs)        000000
__CFG_CP0$ON                      (abs)        000000
__CFG_CP1$ON                      (abs)        000000
__CFG_CP2$ON                      (abs)        000000
__CFG_CP3$ON                      (abs)        000000
__CFG_CPB$ON                      (abs)        000000
__CFG_CPD$ON                      (abs)        000000
__CFG_CPUDIV$OSC4_PLL6            (abs)        000000
__CFG_EBTR0$ON                    (abs)        000000
__CFG_EBTR1$ON                    (abs)        000000
__CFG_EBTR2$ON                    (abs)        000000
__CFG_EBTR3$ON                    (abs)        000000
__CFG_EBTRB$ON                    (abs)        000000
__CFG_FCMEN$OFF                   (abs)        000000
__CFG_FOSC$INTOSCIO_EC            (abs)        000000
__CFG_IESO$OFF                    (abs)        000000
__CFG_LPT1OSC$OFF                 (abs)        000000
__CFG_LVP$OFF                     (abs)        000000
__CFG_MCLRE$ON                    (abs)        000000
__CFG_PBADEN$OFF                  (abs)        000000
__CFG_PLLDIV$1                    (abs)        000000
__CFG_PWRT$ON                     (abs)        000000
__CFG_STVREN$OFF                  (abs)        000000
__CFG_USBDIV$1                    (abs)        000000
__CFG_VREGEN$OFF                  (abs)        000000
__CFG_WDT$OFF                     (abs)        000000
__CFG_WDTPS$32768                 (abs)        000000
__CFG_WRT0$ON                     (abs)        000000
__CFG_WRT1$ON                     (abs)        000000
__CFG_WRT2$ON                     (abs)        000000
__CFG_WRT3$ON                     (abs)        000000
__CFG_WRTB$ON                     (abs)        000000
__CFG_WRTC$ON                     (abs)        000000
__CFG_WRTD$ON                     (abs)        000000
__CFG_XINST$OFF                   (abs)        000000
__HRAM                            (abs)        000000
__Habs1                           abs1         000000
__Hbank0                          bank0        000000
__Hbank1                          bank1        000000
__Hbank2                          bank2        000000
__Hbank3                          bank3        000000
__Hbank4                          bank4        000000
__Hbank5                          bank5        000000
__Hbank6                          bank6        000000
__Hbank7                          bank7        000000
__Hbigbss                         bigbss       000000
__Hbigdata                        bigdata      000000
__Hbigram                         bigram       000000
__Hbss                            bss          000000
__HbssBANK0                       bssBANK0     000000
__HbssBANK1                       bssBANK1     000000
__HbssCOMRAM                      bssCOMRAM    000000
__Hcinit                          cinit        000000
__Hclrtext                        clrtext      000000
__Hcomram                         comram       000000
__Hconfig                         config       30000E
__Hconst                          const        000000
__HcstackBANK0                    cstackBANK0  000000
__HcstackCOMRAM                   cstackCOMRAM 000000
__Hdata                           data         000000
__HdataCOMRAM                     dataCOMRAM   000000
__Heeprom_data                    eeprom_data  000000
__Hend_init                       end_init     0000DE
__Hfarbss                         farbss       000000
__Hfardata                        fardata      000000
__Hibigdata                       ibigdata     000000
__Hidata                          idata        000000
__HidataCOMRAM                    idataCOMRAM  000000
__Hidloc                          idloc        200008
__Hifardata                       ifardata     000000
__Hinit                           init         0000DA
__Hintcode                        intcode      000016
__Hintcode_body                   intcode_body 000000
__Hintcodelo                      intcodelo    0000DA
__Hintentry                       intentry     000000
__Hintret                         intret       000000
__Hintsave_regs                   intsave_regs 000000
__Hirdata                         irdata       000000
__Hmediumconst                    mediumconst  000000
__HnvFARRAM                       nvFARRAM     000000
__Hnvbit                          nvbit        000000
__Hnvrram                         nvrram       000000
__Hparam                          param0       000000
__Hparam0                         param0       000000
__Hpowerup                        powerup      0000DA
__Hram                            ram          000000
__Hramtop                         ramtop       000800
__Hrbit                           rbit         000000
__Hrbss                           rbss         000000
__Hrdata                          rdata        000000
__Hreset_vec                      reset_vec    000004
__Hsfr                            sfr          000000
__Hsmallconst                     smallconst   000000
__Hspace_0                        (abs)        30000E
__Hspace_1                        (abs)        0001E7
__Hspace_2                        (abs)        000000
__Hstack                          stack        000000
__Hstruct                         struct       000000
__Htemp                           temp         000045
__Htext                           text         000000
__Htext0                          text0        000000
__Htext1                          text1        000000
__Htext10                         text10       000000
__Htext11                         text11       000000
__Htext12                         text12       000000
__Htext13                         text13       000000
__Htext14                         text14       000000
__Htext15                         text15       000000
__Htext16                         text16       000000
__Htext17                         text17       000000
__Htext18                         text18       000000
__Htext19                         text19       000000
__Htext20                         text20       000000
__Htext21                         text21       000000
__Htext22                         text22       000000
__Htext23                         text23       000000
__Htext24                         text24       000000
__Htext25                         text25       000000
__Htext27                         text27       000000
__Htext28                         text28       000000
__Htext29                         text29       000000
__Htext3                          text3        000000
__Htext30                         text30       000000
__Htext4                          text4        000000
__Htext5                          text5        000000
__Htext6                          text6        000000
__Htext7                          text7        000000
__Htext8                          text8        000000
__Htext9                          text9        000000
__LRAM                            (abs)        000001
__Labs1                           abs1         000000
__Lbank0                          bank0        000000
__Lbank1                          bank1        000000
__Lbank2                          bank2        000000
__Lbank3                          bank3        000000
__Lbank4                          bank4        000000
__Lbank5                          bank5        000000
__Lbank6                          bank6        000000
__Lbank7                          bank7        000000
__Lbigbss                         bigbss       000000
__Lbigdata                        bigdata      000000
__Lbigram                         bigram       000000
__Lbss                            bss          000000
__LbssBANK0                       bssBANK0     000000
__LbssBANK1                       bssBANK1     000000
__LbssCOMRAM                      bssCOMRAM    000000
__Lcinit                          cinit        000000
__Lclrtext                        clrtext      000000
__Lcomram                         comram       000000
__Lconfig                         config       300000
__Lconst                          const        000000
__LcstackBANK0                    cstackBANK0  000000
__LcstackCOMRAM                   cstackCOMRAM 000000
__Ldata                           data         000000
__LdataCOMRAM                     dataCOMRAM   000000
__Leeprom_data                    eeprom_data  000000
__Lend_init                       end_init     0000DA
__Lfarbss                         farbss       000000
__Lfardata                        fardata      000000
__Libigdata                       ibigdata     000000
__Lidata                          idata        000000
__LidataCOMRAM                    idataCOMRAM  000000
__Lidloc                          idloc        200000
__Lifardata                       ifardata     000000
__Linit                           init         0000DA
__Lintcode                        intcode      000008
__Lintcode_body                   intcode_body 000000
__Lintcodelo                      intcodelo    000018
__Lintentry                       intentry     000000
__Lintret                         intret       000000
__Lintsave_regs                   intsave_regs 000000
__Lirdata                         irdata       000000
__Lmediumconst                    mediumconst  000000
__LnvFARRAM                       nvFARRAM     000000
__Lnvbit                          nvbit        000000
__Lnvrram                         nvrram       000000
__Lparam                          param0       000000
__Lparam0                         param0       000000
__Lpowerup                        powerup      0000DA
__Lram                            ram          000000
__Lramtop                         ramtop       000800
__Lrbit                           rbit         000000
__Lrbss                           rbss         000000
__Lrdata                          rdata        000000
__Lreset_vec                      reset_vec    000000
__Lsfr                            sfr          000000
__Lsmallconst                     smallconst   000000
__Lspace_0                        (abs)        000000
__Lspace_1                        (abs)        000000
__Lspace_2                        (abs)        000000
__Lstack                          stack        000000
__Lstruct                         struct       000000
__Ltemp                           temp         000044
__Ltext                           text         000000
__Ltext0                          text0        000000
__Ltext1                          text1        000000
__Ltext10                         text10       000000
__Ltext11                         text11       000000
__Ltext12                         text12       000000
__Ltext13                         text13       000000
__Ltext14                         text14       000000
__Ltext15                         text15       000000
__Ltext16                         text16       000000
__Ltext17                         text17       000000
__Ltext18                         text18       000000
__Ltext19                         text19       000000
__Ltext20                         text20       000000
__Ltext21                         text21       000000
__Ltext22                         text22       000000
__Ltext23                         text23       000000
__Ltext24                         text24       000000
__Ltext25                         text25       000000
__Ltext27                         text27       000000
__Ltext28                         text28       000000
__Ltext29                         text29       000000
__Ltext3                          text3        000000
__Ltext30                         text30       000000
__Ltext4                          text4        000000
__Ltext5                          text5        000000
__Ltext6                          text6        000000
__Ltext7                          text7        000000
__Ltext8                          text8        000000
__Ltext9                          text9        000000
__S0                              (abs)        30000E
__S1                              (abs)        0001E7
__S2                              (abs)        000000
___inthi_sp                       stack        000000
___intlo_sp                       stack        000000
___param_bank                     (abs)        000000
___rparam_used                    (abs)        000000
___sp                             stack        000000
__accesstop                       (abs)        000060
__activetblptr                    (abs)        000000
__end_of_DoneReading              text25       001164
__end_of_DoneWritting             text17       0010BA
__end_of_FunctionA                text18       0012F8
__end_of_FunctionB                text15       00135A
__end_of_FunctionC                text14       001412
__end_of_FunctionD                text12       0013DE
__end_of_FunctionE                text11       001568
__end_of_High_Priority_Interrupt  intcode_body 00120E
__end_of_Low_Priority_Interrupt   intcodelo    0000DA
__end_of_OSInit                   text1        000DEA
__end_of_OSRun                    text24       000920
__end_of_PWM1                     text10       001526
__end_of_PWM2                     text9        0014F8
__end_of_PWM3                     text8        0014CA
__end_of_PWM4                     text7        00149C
__end_of_PWM5                     text6        00146E
__end_of_PWM6                     text5        001440
__end_of_PWM_activator            text4        001010
__end_of_PWM_init                 text3        001590
__end_of_ReadingMailBox           text16       000454
__end_of_WritingMailBox           text22       000774
__end_of__initialization          cinit        00139E
__end_of_mailBox_init_conection   text21       000D2A
__end_of_main                     text0        001586
__end_of_reductionTime            text29       000EA6
__end_of_saveInterruptedState     text28       000C64
__end_of_vTaskDelay               text13       000F60
__end_of_vTaskDelete              text20       00154C
__end_of_waitForBuffer            text23       001290
__end_of_xInterruptTaskCreate     text27       000B8E
__end_of_xTaskCreate              text19       000A76
__initialization                  cinit        00135A
__mediumconst                     mediumconst  000000
__pbssBANK0                       bssBANK0     000060
__pbssBANK1                       bssBANK1     000100
__pbssCOMRAM                      bssCOMRAM    000001
__pcinit                          cinit        00135A
__pcstackBANK0                    cstackBANK0  0000B8
__pcstackCOMRAM                   cstackCOMRAM 00001B
__pdataCOMRAM                     dataCOMRAM   000035
__pidataCOMRAM                    idataCOMRAM  001568
__pintcode                        intcode      000008
__pintcode_body                   intcode_body 001164
__pintcodelo                      intcodelo    000018
__ptext0                          text0        001578
__ptext1                          text1        000D2A
__ptext10                         text10       0014F8
__ptext11                         text11       00154C
__ptext12                         text12       0013A8
__ptext13                         text13       000EA6
__ptext14                         text14       0013DE
__ptext15                         text15       0012F8
__ptext16                         text16       0000DE
__ptext17                         text17       001010
__ptext18                         text18       001290
__ptext19                         text19       000920
__ptext20                         text20       001526
__ptext21                         text21       000C64
__ptext22                         text22       000454
__ptext23                         text23       00120E
__ptext24                         text24       000774
__ptext25                         text25       0010BA
__ptext27                         text27       000A76
__ptext28                         text28       000B8E
__ptext29                         text29       000DEA
__ptext3                          text3        001586
__ptext30                         text30       000000
__ptext4                          text4        000F60
__ptext5                          text5        001412
__ptext6                          text6        001440
__ptext7                          text7        00146E
__ptext8                          text8        00149C
__ptext9                          text9        0014CA
__ramtop                          ramtop       000800
__size_of_DoneReading             (abs)        000000
__size_of_DoneWritting            (abs)        000000
__size_of_FunctionA               (abs)        000000
__size_of_FunctionB               (abs)        000000
__size_of_FunctionC               (abs)        000000
__size_of_FunctionD               (abs)        000000
__size_of_FunctionE               (abs)        000000
__size_of_High_Priority_Interrupt (abs)        000000
__size_of_Low_Priority_Interrupt  (abs)        000000
__size_of_OSInit                  (abs)        000000
__size_of_OSRun                   (abs)        000000
__size_of_PWM1                    (abs)        000000
__size_of_PWM2                    (abs)        000000
__size_of_PWM3                    (abs)        000000
__size_of_PWM4                    (abs)        000000
__size_of_PWM5                    (abs)        000000
__size_of_PWM6                    (abs)        000000
__size_of_PWM_activator           (abs)        000000
__size_of_PWM_init                (abs)        000000
__size_of_ReadingMailBox          (abs)        000000
__size_of_WritingMailBox          (abs)        000000
__size_of_mailBox_init_conection  (abs)        000000
__size_of_main                    (abs)        000000
__size_of_reductionTime           (abs)        000000
__size_of_saveInterruptedState    (abs)        000000
__size_of_vTaskDelay              (abs)        000000
__size_of_vTaskDelete             (abs)        000000
__size_of_waitForBuffer           (abs)        000000
__size_of_xInterruptTaskCreate    (abs)        000000
__size_of_xTaskCreate             (abs)        000000
__smallconst                      smallconst   000000
_actualPosition                   dataCOMRAM   000038
_cont                             bssCOMRAM    000009
_dutyCycle1                       dataCOMRAM   000039
_dutyCycle2                       dataCOMRAM   00003A
_dutyCycle3                       dataCOMRAM   00003B
_dutyCycle4                       dataCOMRAM   00003C
_dutyCycle5                       dataCOMRAM   00003D
_dutyCycle6                       dataCOMRAM   00003E
_i                                bssCOMRAM    00000A
_i_dr                             bssCOMRAM    00000C
_i_dw                             bssCOMRAM    00000D
_i_mic                            bssCOMRAM    00000E
_i_rmb                            bssCOMRAM    00000F
_i_wmb                            bssCOMRAM    000010
_index                            bssCOMRAM    000011
_index_dr                         bssCOMRAM    000012
_index_dw                         bssCOMRAM    000013
_index_mic                        bssCOMRAM    000014
_index_rmb                        bssCOMRAM    000015
_index_wmb                        bssCOMRAM    000016
_mailBox_init_conection           text21       000C64
_main                             text0        001578
_minPrior                         dataCOMRAM   00003F
_reductionTime                    text29       000DEA
_saveInterruptedState             text28       000B8E
_schedulerStatus                  dataCOMRAM   000043
_taskPosition                     bssCOMRAM    00001A
_vTaskDelay                       text13       000EA6
_vTaskDelete                      text20       001526
_waitForBuffer                    text23       00120E
_x                                bssCOMRAM    000001
_xInterruptTaskCreate             text27       000A76
_xTaskCreate                      text19       000920
_y                                bssCOMRAM    000005
_z                                bssCOMRAM    000007
btemp                             temp         000044
end_of_initialization             cinit        00139E
int$flags                         temp         000044
int_func                          intcode_body 001164
intlevel0                         text         000000
intlevel1                         text         000000
intlevel2                         text         000000
intlevel3                         text         000000
mailBox_init_conection@reader     cstackCOMRAM 00001C
mailBox_init_conection@writer     cstackCOMRAM 00001B
stackhi                           (abs)        0007FF
stacklo                           (abs)        0001E7
start                             init         0000DA
start_initialization              cinit        00135A
vTaskDelay@delayms                cstackCOMRAM 00001C
xInterruptTaskCreate@Id           cstackBANK0  0000BC
xInterruptTaskCreate@Prior        cstackBANK0  0000BD
xInterruptTaskCreate@pvTaskCode   cstackBANK0  0000B8
xTaskCreate@Id                    cstackCOMRAM 000020
xTaskCreate@Prior                 cstackCOMRAM 000021
xTaskCreate@pvTaskCode            cstackCOMRAM 00001C


FUNCTION INFORMATION:

 *************** function _main *****************
 Defined at:
		line 249 in file "main.c"
 Parameters:    Size  Location     Type
		None
 Auto vars:     Size  Location     Type
		None
 Return value:  Size  Location     Type
		None               void
 Registers used:
		wreg, fsr2l, fsr2h, status,2, status,0, prodl, prodh, cstack
 Tracked objects:
		On entry : 
		On exit  : 
		Unchanged: 
 Data sizes:     COMRAM   BANK0   BANK1   BANK2   BANK3   BANK4   BANK5   BANK6   BANK7
      Params:         0       0       0       0       0       0       0       0       0
      Locals:         0       0       0       0       0       0       0       0       0
      Temps:          0       0       0       0       0       0       0       0       0
      Totals:         0       0       0       0       0       0       0       0       0
Total ram usage:        0 bytes
 Hardware stack levels required when called:    7
 This function calls:
		_OSInit
 This function is called by:
		Startup code after reset
 This function uses a non-reentrant model


 *************** function _OSInit *****************
 Defined at:
		line 331 in file "Structure.c"
 Parameters:    Size  Location     Type
		None
 Auto vars:     Size  Location     Type
		None
 Return value:  Size  Location     Type
		None               void
 Registers used:
		wreg, fsr2l, fsr2h, status,2, status,0, prodl, prodh
 Tracked objects:
		On entry : 
		On exit  : 
		Unchanged: 
 Data sizes:     COMRAM   BANK0   BANK1   BANK2   BANK3   BANK4   BANK5   BANK6   BANK7
      Params:         0       0       0       0       0       0       0       0       0
      Locals:         0       0       0       0       0       0       0       0       0
      Temps:          0       0       0       0       0       0       0       0       0
      Totals:         0       0       0       0       0       0       0       0       0
Total ram usage:        0 bytes
 Hardware stack levels used:    1
 Hardware stack levels required when called:    6
 This function calls:
		Nothing
 This function is called by:
		_main
 This function uses a non-reentrant model


 *************** function _Low_Priority_Interrupt *****************
 Defined at:
		line 239 in file "main.c"
 Parameters:    Size  Location     Type
		None
 Auto vars:     Size  Location     Type
		None
 Return value:  Size  Location     Type
		None               void
 Registers used:
		wreg, fsr1l, fsr1h, fsr2l, fsr2h, status,2, status,0, prodl, prodh, cstack
 Tracked objects:
		On entry : 
		On exit  : 
		Unchanged: 
 Data sizes:     COMRAM   BANK0   BANK1   BANK2   BANK3   BANK4   BANK5   BANK6   BANK7
      Params:         0       0       0       0       0       0       0       0       0
      Locals:         0       0       0       0       0       0       0       0       0
      Temps:         17       0       0       0       0       0       0       0       0
      Totals:        17       0       0       0       0       0       0       0       0
Total ram usage:       17 bytes
 Hardware stack levels used:    1
 Hardware stack levels required when called:    5
 This function calls:
		_FunctionA
		_FunctionB
		_FunctionC
		_FunctionD
		_FunctionE
		_PWM1
		_PWM2
		_PWM3
		_PWM4
		_PWM5
		_PWM6
		_PWM_activator
		_PWM_init
 This function is called by:
		Interrupt level 1
 This function uses a non-reentrant model


 *************** function _PWM_init *****************
 Defined at:
		line 128 in file "main.c"
 Parameters:    Size  Location     Type
		None
 Auto vars:     Size  Location     Type
		None
 Return value:  Size  Location     Type
		None               void
 Registers used:
		wreg, status,2
 Tracked objects:
		On entry : 
		On exit  : 
		Unchanged: 
 Data sizes:     COMRAM   BANK0   BANK1   BANK2   BANK3   BANK4   BANK5   BANK6   BANK7
      Params:         0       0       0       0       0       0       0       0       0
      Locals:         0       0       0       0       0       0       0       0       0
      Temps:          0       0       0       0       0       0       0       0       0
      Totals:         0       0       0       0       0       0       0       0       0
Total ram usage:        0 bytes
 Hardware stack levels used:    1
 Hardware stack levels required when called:    2
 This function calls:
		Nothing
 This function is called by:
		_Low_Priority_Interrupt
 This function uses a non-reentrant model


 *************** function _PWM_activator *****************
 Defined at:
		line 228 in file "main.c"
 Parameters:    Size  Location     Type
		None
 Auto vars:     Size  Location     Type
		None
 Return value:  Size  Location     Type
		None               void
 Registers used:
		wreg, fsr2l, fsr2h, status,2, status,0, prodl, prodh, cstack
 Tracked objects:
		On entry : 
		On exit  : 
		Unchanged: 
 Data sizes:     COMRAM   BANK0   BANK1   BANK2   BANK3   BANK4   BANK5   BANK6   BANK7
      Params:         0       0       0       0       0       0       0       0       0
      Locals:         0       0       0       0       0       0       0       0       0
      Temps:          0       0       0       0       0       0       0       0       0
      Totals:         0       0       0       0       0       0       0       0       0
Total ram usage:        0 bytes
 Hardware stack levels used:    1
 Hardware stack levels required when called:    4
 This function calls:
		_vTaskDelete
		_xTaskCreate
 This function is called by:
		_Low_Priority_Interrupt
 This function uses a non-reentrant model


 *************** function _PWM6 *****************
 Defined at:
		line 214 in file "main.c"
 Parameters:    Size  Location     Type
		None
 Auto vars:     Size  Location     Type
		None
 Return value:  Size  Location     Type
		None               void
 Registers used:
		wreg, fsr2l, fsr2h, status,2, status,0, prodl, prodh, cstack
 Tracked objects:
		On entry : 
		On exit  : 
		Unchanged: 
 Data sizes:     COMRAM   BANK0   BANK1   BANK2   BANK3   BANK4   BANK5   BANK6   BANK7
      Params:         0       0       0       0       0       0       0       0       0
      Locals:         0       0       0       0       0       0       0       0       0
      Temps:          2       0       0       0       0       0       0       0       0
      Totals:         2       0       0       0       0       0       0       0       0
Total ram usage:        2 bytes
 Hardware stack levels used:    1
 Hardware stack levels required when called:    4
 This function calls:
		_vTaskDelay
		_vTaskDelete
 This function is called by:
		_PWM_activator
		_Low_Priority_Interrupt
 This function uses a non-reentrant model


 *************** function _PWM5 *****************
 Defined at:
		line 191 in file "main.c"
 Parameters:    Size  Location     Type
		None
 Auto vars:     Size  Location     Type
		None
 Return value:  Size  Location     Type
		None               void
 Registers used:
		wreg, fsr2l, fsr2h, status,2, status,0, prodl, prodh, cstack
 Tracked objects:
		On entry : 
		On exit  : 
		Unchanged: 
 Data sizes:     COMRAM   BANK0   BANK1   BANK2   BANK3   BANK4   BANK5   BANK6   BANK7
      Params:         0       0       0       0       0       0       0       0       0
      Locals:         0       0       0       0       0       0       0       0       0
      Temps:          2       0       0       0       0       0       0       0       0
      Totals:         2       0       0       0       0       0       0       0       0
Total ram usage:        2 bytes
 Hardware stack levels used:    1
 Hardware stack levels required when called:    4
 This function calls:
		_vTaskDelay
		_vTaskDelete
 This function is called by:
		_PWM_activator
		_Low_Priority_Interrupt
 This function uses a non-reentrant model


 *************** function _PWM4 *****************
 Defined at:
		line 177 in file "main.c"
 Parameters:    Size  Location     Type
		None
 Auto vars:     Size  Location     Type
		None
 Return value:  Size  Location     Type
		None               void
 Registers used:
		wreg, fsr2l, fsr2h, status,2, status,0, prodl, prodh, cstack
 Tracked objects:
		On entry : 
		On exit  : 
		Unchanged: 
 Data sizes:     COMRAM   BANK0   BANK1   BANK2   BANK3   BANK4   BANK5   BANK6   BANK7
      Params:         0       0       0       0       0       0       0       0       0
      Locals:         0       0       0       0       0       0       0       0       0
      Temps:          2       0       0       0       0       0       0       0       0
      Totals:         2       0       0       0       0       0       0       0       0
Total ram usage:        2 bytes
 Hardware stack levels used:    1
 Hardware stack levels required when called:    4
 This function calls:
		_vTaskDelay
		_vTaskDelete
 This function is called by:
		_PWM_activator
		_Low_Priority_Interrupt
 This function uses a non-reentrant model


 *************** function _PWM3 *****************
 Defined at:
		line 163 in file "main.c"
 Parameters:    Size  Location     Type
		None
 Auto vars:     Size  Location     Type
		None
 Return value:  Size  Location     Type
		None               void
 Registers used:
		wreg, fsr2l, fsr2h, status,2, status,0, prodl, prodh, cstack
 Tracked objects:
		On entry : 
		On exit  : 
		Unchanged: 
 Data sizes:     COMRAM   BANK0   BANK1   BANK2   BANK3   BANK4   BANK5   BANK6   BANK7
      Params:         0       0       0       0       0       0       0       0       0
      Locals:         0       0       0       0       0       0       0       0       0
      Temps:          2       0       0       0       0       0       0       0       0
      Totals:         2       0       0       0       0       0       0       0       0
Total ram usage:        2 bytes
 Hardware stack levels used:    1
 Hardware stack levels required when called:    4
 This function calls:
		_vTaskDelay
		_vTaskDelete
 This function is called by:
		_PWM_activator
		_Low_Priority_Interrupt
 This function uses a non-reentrant model


 *************** function _PWM2 *****************
 Defined at:
		line 149 in file "main.c"
 Parameters:    Size  Location     Type
		None
 Auto vars:     Size  Location     Type
		None
 Return value:  Size  Location     Type
		None               void
 Registers used:
		wreg, fsr2l, fsr2h, status,2, status,0, prodl, prodh, cstack
 Tracked objects:
		On entry : 
		On exit  : 
		Unchanged: 
 Data sizes:     COMRAM   BANK0   BANK1   BANK2   BANK3   BANK4   BANK5   BANK6   BANK7
      Params:         0       0       0       0       0       0       0       0       0
      Locals:         0       0       0       0       0       0       0       0       0
      Temps:          2       0       0       0       0       0       0       0       0
      Totals:         2       0       0       0       0       0       0       0       0
Total ram usage:        2 bytes
 Hardware stack levels used:    1
 Hardware stack levels required when called:    4
 This function calls:
		_vTaskDelay
		_vTaskDelete
 This function is called by:
		_PWM_activator
		_Low_Priority_Interrupt
 This function uses a non-reentrant model


 *************** function _PWM1 *****************
 Defined at:
		line 133 in file "main.c"
 Parameters:    Size  Location     Type
		None
 Auto vars:     Size  Location     Type
		None
 Return value:  Size  Location     Type
		None               void
 Registers used:
		wreg, fsr2l, fsr2h, status,2, status,0, prodl, prodh, cstack
 Tracked objects:
		On entry : 
		On exit  : 
		Unchanged: 
 Data sizes:     COMRAM   BANK0   BANK1   BANK2   BANK3   BANK4   BANK5   BANK6   BANK7
      Params:         0       0       0       0       0       0       0       0       0
      Locals:         0       0       0       0       0       0       0       0       0
      Temps:          2       0       0       0       0       0       0       0       0
      Totals:         2       0       0       0       0       0       0       0       0
Total ram usage:        2 bytes
 Hardware stack levels used:    1
 Hardware stack levels required when called:    4
 This function calls:
		_vTaskDelay
		_vTaskDelete
 This function is called by:
		_PWM_activator
		_Low_Priority_Interrupt
 This function uses a non-reentrant model


 *************** function _FunctionE *****************
 Defined at:
		line 32 in file "main.c"
 Parameters:    Size  Location     Type
		None
 Auto vars:     Size  Location     Type
		None
 Return value:  Size  Location     Type
		None               void
 Registers used:
		wreg, fsr2l, fsr2h, status,2, status,0, prodl, prodh, cstack
 Tracked objects:
		On entry : 
		On exit  : 
		Unchanged: 
 Data sizes:     COMRAM   BANK0   BANK1   BANK2   BANK3   BANK4   BANK5   BANK6   BANK7
      Params:         0       0       0       0       0       0       0       0       0
      Locals:         0       0       0       0       0       0       0       0       0
      Temps:          0       0       0       0       0       0       0       0       0
      Totals:         0       0       0       0       0       0       0       0       0
Total ram usage:        0 bytes
 Hardware stack levels used:    1
 Hardware stack levels required when called:    4
 This function calls:
		_vTaskDelay
		_vTaskDelete
 This function is called by:
		_FunctionD
		_Low_Priority_Interrupt
 This function uses a non-reentrant model


 *************** function _FunctionD *****************
 Defined at:
		line 42 in file "main.c"
 Parameters:    Size  Location     Type
		None
 Auto vars:     Size  Location     Type
		None
 Return value:  Size  Location     Type
		None               void
 Registers used:
		wreg, fsr2l, fsr2h, status,2, status,0, prodl, prodh, cstack
 Tracked objects:
		On entry : 
		On exit  : 
		Unchanged: 
 Data sizes:     COMRAM   BANK0   BANK1   BANK2   BANK3   BANK4   BANK5   BANK6   BANK7
      Params:         0       0       0       0       0       0       0       0       0
      Locals:         0       0       0       0       0       0       0       0       0
      Temps:          0       0       0       0       0       0       0       0       0
      Totals:         0       0       0       0       0       0       0       0       0
Total ram usage:        0 bytes
 Hardware stack levels used:    1
 Hardware stack levels required when called:    4
 This function calls:
		_vTaskDelay
		_vTaskDelete
		_xTaskCreate
 This function is called by:
		_Low_Priority_Interrupt
 This function uses a non-reentrant model


 *************** function _vTaskDelay *****************
 Defined at:
		line 208 in file "Structure.c"
 Parameters:    Size  Location     Type
  delayms         2    1[COMRAM] unsigned int 
 Auto vars:     Size  Location     Type
		None
 Return value:  Size  Location     Type
		None               void
 Registers used:
		wreg, fsr2l, fsr2h, status,2, status,0, prodl, prodh, cstack
 Tracked objects:
		On entry : 
		On exit  : 
		Unchanged: 
 Data sizes:     COMRAM   BANK0   BANK1   BANK2   BANK3   BANK4   BANK5   BANK6   BANK7
      Params:         2       0       0       0       0       0       0       0       0
      Locals:         0       0       0       0       0       0       0       0       0
      Temps:          0       0       0       0       0       0       0       0       0
      Totals:         2       0       0       0       0       0       0       0       0
Total ram usage:        2 bytes
 Hardware stack levels used:    1
 Hardware stack levels required when called:    3
 This function calls:
		_OSRun
 This function is called by:
		_FunctionE
		_FunctionD
		_PWM1
		_PWM2
		_PWM3
		_PWM4
		_PWM5
		_PWM6
 This function uses a non-reentrant model


 *************** function _FunctionC *****************
 Defined at:
		line 52 in file "main.c"
 Parameters:    Size  Location     Type
		None
 Auto vars:     Size  Location     Type
		None
 Return value:  Size  Location     Type
		None               void
 Registers used:
		wreg, fsr1l, fsr1h, fsr2l, fsr2h, status,2, status,0, prodl, prodh, cstack
 Tracked objects:
		On entry : 
		On exit  : 
		Unchanged: 
 Data sizes:     COMRAM   BANK0   BANK1   BANK2   BANK3   BANK4   BANK5   BANK6   BANK7
      Params:         0       0       0       0       0       0       0       0       0
      Locals:         0       0       0       0       0       0       0       0       0
      Temps:          0       0       0       0       0       0       0       0       0
      Totals:         0       0       0       0       0       0       0       0       0
Total ram usage:        0 bytes
 Hardware stack levels used:    1
 Hardware stack levels required when called:    4
 This function calls:
		_ReadingMailBox
		_vTaskDelete
 This function is called by:
		_Low_Priority_Interrupt
 This function uses a non-reentrant model


 *************** function _FunctionB *****************
 Defined at:
		line 64 in file "main.c"
 Parameters:    Size  Location     Type
		None
 Auto vars:     Size  Location     Type
		None
 Return value:  Size  Location     Type
		None               void
 Registers used:
		wreg, fsr1l, fsr1h, fsr2l, fsr2h, status,2, status,0, prodl, prodh, cstack
 Tracked objects:
		On entry : 
		On exit  : 
		Unchanged: 
 Data sizes:     COMRAM   BANK0   BANK1   BANK2   BANK3   BANK4   BANK5   BANK6   BANK7
      Params:         0       0       0       0       0       0       0       0       0
      Locals:         0       0       0       0       0       0       0       0       0
      Temps:          0       0       0       0       0       0       0       0       0
      Totals:         0       0       0       0       0       0       0       0       0
Total ram usage:        0 bytes
 Hardware stack levels used:    1
 Hardware stack levels required when called:    4
 This function calls:
		_DoneWritting
		_ReadingMailBox
		_vTaskDelete
 This function is called by:
		_FunctionA
		_Low_Priority_Interrupt
 This function uses a non-reentrant model


 *************** function _ReadingMailBox *****************
 Defined at:
		line 129 in file "Structure.c"
 Parameters:    Size  Location     Type
  writter         1    wreg     unsigned char 
  r               2    1[COMRAM] PTR unsigned long 
		 -> NULL(0), 
 Auto vars:     Size  Location     Type
  writter         1    8[COMRAM] unsigned char 
 Return value:  Size  Location     Type
		None               void
 Registers used:
		wreg, fsr1l, fsr1h, fsr2l, fsr2h, status,2, status,0, prodl, prodh, cstack
 Tracked objects:
		On entry : 
		On exit  : 
		Unchanged: 
 Data sizes:     COMRAM   BANK0   BANK1   BANK2   BANK3   BANK4   BANK5   BANK6   BANK7
      Params:         2       0       0       0       0       0       0       0       0
      Locals:         1       0       0       0       0       0       0       0       0
      Temps:          5       0       0       0       0       0       0       0       0
      Totals:         8       0       0       0       0       0       0       0       0
Total ram usage:        8 bytes
 Hardware stack levels used:    1
 Hardware stack levels required when called:    3
 This function calls:
		_OSRun
		_waitForBuffer
 This function is called by:
		_FunctionC
		_FunctionB
 This function uses a non-reentrant model


 *************** function _DoneWritting *****************
 Defined at:
		line 180 in file "Structure.c"
 Parameters:    Size  Location     Type
  reader          1    wreg     unsigned char 
 Auto vars:     Size  Location     Type
  reader          1    1[COMRAM] unsigned char 
 Return value:  Size  Location     Type
		None               void
 Registers used:
		wreg, fsr2l, fsr2h, status,2, status,0, prodl, prodh
 Tracked objects:
		On entry : 
		On exit  : 
		Unchanged: 
 Data sizes:     COMRAM   BANK0   BANK1   BANK2   BANK3   BANK4   BANK5   BANK6   BANK7
      Params:         0       0       0       0       0       0       0       0       0
      Locals:         1       0       0       0       0       0       0       0       0
      Temps:          1       0       0       0       0       0       0       0       0
      Totals:         2       0       0       0       0       0       0       0       0
Total ram usage:        2 bytes
 Hardware stack levels used:    1
 Hardware stack levels required when called:    2
 This function calls:
		Nothing
 This function is called by:
		_FunctionB
 This function uses a non-reentrant model


 *************** function _FunctionA *****************
 Defined at:
		line 81 in file "main.c"
 Parameters:    Size  Location     Type
		None
 Auto vars:     Size  Location     Type
		None
 Return value:  Size  Location     Type
		None               void
 Registers used:
		wreg, fsr1l, fsr1h, fsr2l, fsr2h, status,2, status,0, prodl, prodh, cstack
 Tracked objects:
		On entry : 
		On exit  : 
		Unchanged: 
 Data sizes:     COMRAM   BANK0   BANK1   BANK2   BANK3   BANK4   BANK5   BANK6   BANK7
      Params:         0       0       0       0       0       0       0       0       0
      Locals:         0       0       0       0       0       0       0       0       0
      Temps:          0       0       0       0       0       0       0       0       0
      Totals:         0       0       0       0       0       0       0       0       0
Total ram usage:        0 bytes
 Hardware stack levels used:    1
 Hardware stack levels required when called:    4
 This function calls:
		_DoneReading
		_WritingMailBox
		_mailBox_init_conection
		_vTaskDelete
		_xTaskCreate
 This function is called by:
		_High_Priority_Interrupt
		_Low_Priority_Interrupt
 This function uses a non-reentrant model


 *************** function _xTaskCreate *****************
 Defined at:
		line 262 in file "Structure.c"
 Parameters:    Size  Location     Type
  pvTaskCode      4    1[COMRAM] unsigned long 
  Id              1    5[COMRAM] unsigned char 
  Prior           1    6[COMRAM] unsigned char 
 Auto vars:     Size  Location     Type
		None
 Return value:  Size  Location     Type
		None               void
 Registers used:
		wreg, fsr2l, fsr2h, status,2, status,0, prodl, prodh, cstack
 Tracked objects:
		On entry : 
		On exit  : 
		Unchanged: 
 Data sizes:     COMRAM   BANK0   BANK1   BANK2   BANK3   BANK4   BANK5   BANK6   BANK7
      Params:         6       0       0       0       0       0       0       0       0
      Locals:         0       0       0       0       0       0       0       0       0
      Temps:          0       0       0       0       0       0       0       0       0
      Totals:         6       0       0       0       0       0       0       0       0
Total ram usage:        6 bytes
 Hardware stack levels used:    1
 Hardware stack levels required when called:    3
 This function calls:
		_OSRun
 This function is called by:
		_FunctionD
		_FunctionA
		_PWM_activator
 This function uses a non-reentrant model


 *************** function _vTaskDelete *****************
 Defined at:
		line 318 in file "Structure.c"
 Parameters:    Size  Location     Type
		None
 Auto vars:     Size  Location     Type
		None
 Return value:  Size  Location     Type
		None               void
 Registers used:
		wreg, fsr2l, fsr2h, status,2, status,0, prodl, prodh, cstack
 Tracked objects:
		On entry : 
		On exit  : 
		Unchanged: 
 Data sizes:     COMRAM   BANK0   BANK1   BANK2   BANK3   BANK4   BANK5   BANK6   BANK7
      Params:         0       0       0       0       0       0       0       0       0
      Locals:         0       0       0       0       0       0       0       0       0
      Temps:          0       0       0       0       0       0       0       0       0
      Totals:         0       0       0       0       0       0       0       0       0
Total ram usage:        0 bytes
 Hardware stack levels used:    1
 Hardware stack levels required when called:    3
 This function calls:
		_OSRun
 This function is called by:
		_FunctionE
		_FunctionD
		_FunctionC
		_FunctionB
		_FunctionA
		_PWM1
		_PWM2
		_PWM3
		_PWM4
		_PWM5
		_PWM6
		_PWM_activator
 This function uses a non-reentrant model


 *************** function _mailBox_init_conection *****************
 Defined at:
		line 75 in file "Structure.c"
 Parameters:    Size  Location     Type
  reader          1    wreg     unsigned char 
  writer          1    0[COMRAM] unsigned char 
 Auto vars:     Size  Location     Type
  reader          1    1[COMRAM] unsigned char 
 Return value:  Size  Location     Type
		None               void
 Registers used:
		wreg, fsr2l, fsr2h, status,2, status,0, prodl, prodh
 Tracked objects:
		On entry : 
		On exit  : 
		Unchanged: 
 Data sizes:     COMRAM   BANK0   BANK1   BANK2   BANK3   BANK4   BANK5   BANK6   BANK7
      Params:         1       0       0       0       0       0       0       0       0
      Locals:         1       0       0       0       0       0       0       0       0
      Temps:          0       0       0       0       0       0       0       0       0
      Totals:         2       0       0       0       0       0       0       0       0
Total ram usage:        2 bytes
 Hardware stack levels used:    1
 Hardware stack levels required when called:    2
 This function calls:
		Nothing
 This function is called by:
		_FunctionA
 This function uses a non-reentrant model


 *************** function _WritingMailBox *****************
 Defined at:
		line 92 in file "Structure.c"
 Parameters:    Size  Location     Type
  data            1    wreg     unsigned char 
  reader          1    1[COMRAM] unsigned char 
 Auto vars:     Size  Location     Type
  data            1    5[COMRAM] unsigned char 
 Return value:  Size  Location     Type
		None               void
 Registers used:
		wreg, fsr1l, fsr1h, fsr2l, fsr2h, status,2, status,0, prodl, prodh, cstack
 Tracked objects:
		On entry : 
		On exit  : 
		Unchanged: 
 Data sizes:     COMRAM   BANK0   BANK1   BANK2   BANK3   BANK4   BANK5   BANK6   BANK7
      Params:         1       0       0       0       0       0       0       0       0
      Locals:         1       0       0       0       0       0       0       0       0
      Temps:          3       0       0       0       0       0       0       0       0
      Totals:         5       0       0       0       0       0       0       0       0
Total ram usage:        5 bytes
 Hardware stack levels used:    1
 Hardware stack levels required when called:    3
 This function calls:
		_OSRun
		_waitForBuffer
 This function is called by:
		_FunctionA
 This function uses a non-reentrant model


 *************** function _waitForBuffer *****************
 Defined at:
		line 169 in file "Structure.c"
 Parameters:    Size  Location     Type
		None
 Auto vars:     Size  Location     Type
		None
 Return value:  Size  Location     Type
		None               void
 Registers used:
		wreg, fsr2l, fsr2h, status,2, status,0, prodl, prodh
 Tracked objects:
		On entry : 
		On exit  : 
		Unchanged: 
 Data sizes:     COMRAM   BANK0   BANK1   BANK2   BANK3   BANK4   BANK5   BANK6   BANK7
      Params:         0       0       0       0       0       0       0       0       0
      Locals:         0       0       0       0       0       0       0       0       0
      Temps:          0       0       0       0       0       0       0       0       0
      Totals:         0       0       0       0       0       0       0       0       0
Total ram usage:        0 bytes
 Hardware stack levels used:    1
 Hardware stack levels required when called:    2
 This function calls:
		Nothing
 This function is called by:
		_WritingMailBox
		_ReadingMailBox
 This function uses a non-reentrant model


 *************** function _OSRun *****************
 Defined at:
		line 359 in file "Structure.c"
 Parameters:    Size  Location     Type
		None
 Auto vars:     Size  Location     Type
		None
 Return value:  Size  Location     Type
		None               void
 Registers used:
		wreg, fsr2l, fsr2h, status,2, status,0, prodl, prodh
 Tracked objects:
		On entry : 
		On exit  : 
		Unchanged: 
 Data sizes:     COMRAM   BANK0   BANK1   BANK2   BANK3   BANK4   BANK5   BANK6   BANK7
      Params:         0       0       0       0       0       0       0       0       0
      Locals:         0       0       0       0       0       0       0       0       0
      Temps:          1       0       0       0       0       0       0       0       0
      Totals:         1       0       0       0       0       0       0       0       0
Total ram usage:        1 bytes
 Hardware stack levels used:    1
 Hardware stack levels required when called:    2
 This function calls:
		Nothing
 This function is called by:
		_WritingMailBox
		_ReadingMailBox
		_waitForBuffer
		_vTaskDelay
		_reductionTime
		_xTaskCreate
		_xInterruptTaskCreate
		_vTaskDelete
 This function uses a non-reentrant model


 *************** function _DoneReading *****************
 Defined at:
		line 194 in file "Structure.c"
 Parameters:    Size  Location     Type
  writter         1    wreg     unsigned char 
 Auto vars:     Size  Location     Type
  writter         1    1[COMRAM] unsigned char 
 Return value:  Size  Location     Type
		None               void
 Registers used:
		wreg, fsr2l, fsr2h, status,2, status,0, prodl, prodh
 Tracked objects:
		On entry : 
		On exit  : 
		Unchanged: 
 Data sizes:     COMRAM   BANK0   BANK1   BANK2   BANK3   BANK4   BANK5   BANK6   BANK7
      Params:         0       0       0       0       0       0       0       0       0
      Locals:         1       0       0       0       0       0       0       0       0
      Temps:          1       0       0       0       0       0       0       0       0
      Totals:         2       0       0       0       0       0       0       0       0
Total ram usage:        2 bytes
 Hardware stack levels used:    1
 Hardware stack levels required when called:    2
 This function calls:
		Nothing
 This function is called by:
		_FunctionA
 This function uses a non-reentrant model


 *************** function _High_Priority_Interrupt *****************
 Defined at:
		line 110 in file "main.c"
 Parameters:    Size  Location     Type
		None
 Auto vars:     Size  Location     Type
		None
 Return value:  Size  Location     Type
		None               void
 Registers used:
		wreg, fsr2l, fsr2h, status,2, status,0, prodl, prodh, cstack
 Tracked objects:
		On entry : 
		On exit  : 
		Unchanged: 
 Data sizes:     COMRAM   BANK0   BANK1   BANK2   BANK3   BANK4   BANK5   BANK6   BANK7
      Params:         0       0       0       0       0       0       0       0       0
      Locals:         0       0       0       0       0       0       0       0       0
      Temps:          0      14       0       0       0       0       0       0       0
      Totals:         0      14       0       0       0       0       0       0       0
Total ram usage:       14 bytes
 Hardware stack levels used:    1
 Hardware stack levels required when called:    1
 This function calls:
		_reductionTime
		_saveInterruptedState
		_xInterruptTaskCreate
 This function is called by:
		Interrupt level 2
 This function uses a non-reentrant model


 *************** function _xInterruptTaskCreate *****************
 Defined at:
		line 286 in file "Structure.c"
 Parameters:    Size  Location     Type
  pvTaskCode      4    0[BANK0 ] unsigned long 
  Id              1    4[BANK0 ] unsigned char 
  Prior           1    5[BANK0 ] unsigned char 
 Auto vars:     Size  Location     Type
		None
 Return value:  Size  Location     Type
		None               void
 Registers used:
		wreg, fsr2l, fsr2h, status,2, status,0, prodl, prodh
 Tracked objects:
		On entry : 
		On exit  : 
		Unchanged: 
 Data sizes:     COMRAM   BANK0   BANK1   BANK2   BANK3   BANK4   BANK5   BANK6   BANK7
      Params:         0       6       0       0       0       0       0       0       0
      Locals:         0       0       0       0       0       0       0       0       0
      Temps:          0       0       0       0       0       0       0       0       0
      Totals:         0       6       0       0       0       0       0       0       0
Total ram usage:        6 bytes
 Hardware stack levels used:    1
 This function calls:
		Nothing
 This function is called by:
		_High_Priority_Interrupt
 This function uses a non-reentrant model


 *************** function _saveInterruptedState *****************
 Defined at:
		line 243 in file "Structure.c"
 Parameters:    Size  Location     Type
		None
 Auto vars:     Size  Location     Type
		None
 Return value:  Size  Location     Type
                  2   18[None  ] int 
 Registers used:
		wreg, fsr2l, fsr2h, status,2, status,0, prodl, prodh
 Tracked objects:
		On entry : 
		On exit  : 
		Unchanged: 
 Data sizes:     COMRAM   BANK0   BANK1   BANK2   BANK3   BANK4   BANK5   BANK6   BANK7
      Params:         0       0       0       0       0       0       0       0       0
      Locals:         0       0       0       0       0       0       0       0       0
      Temps:          0       0       0       0       0       0       0       0       0
      Totals:         0       0       0       0       0       0       0       0       0
Total ram usage:        0 bytes
 Hardware stack levels used:    1
 This function calls:
		Nothing
 This function is called by:
		_High_Priority_Interrupt
 This function uses a non-reentrant model


 *************** function _reductionTime *****************
 Defined at:
		line 223 in file "Structure.c"
 Parameters:    Size  Location     Type
		None
 Auto vars:     Size  Location     Type
		None
 Return value:  Size  Location     Type
                  2   32[None  ] int 
 Registers used:
		wreg, fsr2l, fsr2h, status,2, status,0, prodl, prodh
 Tracked objects:
		On entry : 
		On exit  : 
		Unchanged: 
 Data sizes:     COMRAM   BANK0   BANK1   BANK2   BANK3   BANK4   BANK5   BANK6   BANK7
      Params:         0       0       0       0       0       0       0       0       0
      Locals:         0       0       0       0       0       0       0       0       0
      Temps:          0       2       0       0       0       0       0       0       0
      Totals:         0       2       0       0       0       0       0       0       0
Total ram usage:        2 bytes
 Hardware stack levels used:    1
 This function calls:
		Nothing
 This function is called by:
		_High_Priority_Interrupt
 This function uses a non-reentrant model



MODULE INFORMATION

Module		Function		Class		Link	Load	Size
Structure.c
		_DoneWritting  		CODE           	1010	0000	171
		_reductionTime 		CODE           	0DEA	0000	189
		_xTaskCreate   		CODE           	0920	0000	343
		_OSRun         		CODE           	0774	0000	429
		_DoneReading   		CODE           	10BA	0000	171
		_OSInit        		CODE           	0D2A	0000	193
		_saveInterruptedState		CODE           	0B8E	0000	215
		_vTaskDelay    		CODE           	0EA6	0000	187
		_vTaskDelete   		CODE           	1526	0000	39
		_mailBox_init_conection		CODE           	0C64	0000	199
		_xInterruptTaskCreate		CODE           	0A76	0000	281
		_waitForBuffer 		CODE           	120E	0000	131
		_ReadingMailBox		CODE           	00DE	0000	887
		_WritingMailBox		CODE           	0454	0000	801

Structure.c estimated size: 4236

shared
		__initialization		CODE           	135A	0000	69

shared estimated size: 69

main.c
		_FunctionA     		CODE           	1290	0000	105
		_FunctionB     		CODE           	12F8	0000	99
		_FunctionC     		CODE           	13DE	0000	53
		_FunctionD     		CODE           	13A8	0000	55
		_FunctionE     		CODE           	154C	0000	29
		_main          		CODE           	1578	0000	15
		_PWM1          		CODE           	14F8	0000	47
		_PWM2          		CODE           	14CA	0000	47
		_High_Priority_Interrupt		CODE           	0008	0000	185
		_PWM_init      		CODE           	1586	0000	11
		_PWM3          		CODE           	149C	0000	47
		_PWM4          		CODE           	146E	0000	47
		_Low_Priority_Interrupt		CODE           	0018	0000	195
		_PWM5          		CODE           	1440	0000	47
		_PWM6          		CODE           	1412	0000	47
		_PWM_activator 		CODE           	0F60	0000	177

main.c estimated size: 1206

